正在执行...
2022-05-13T14:14:41.138+0800: [GC (Allocation Failure) 2022-05-13T14:14:41.139+0800: [ParNew: 545344K->68095K(613440K), 0.0353589 secs] 545344K->152200K(4126208K), 0.0359180 secs] [Times: user=0.09 sys=0.16, real=0.04 secs]
2022-05-13T14:14:41.276+0800: [GC (Allocation Failure) 2022-05-13T14:14:41.276+0800: [ParNew: 613439K->68096K(613440K), 0.0459923 secs] 697544K->278706K(4126208K), 0.0467372 secs] [Times: user=0.19 sys=0.11, real=0.05 secs]
2022-05-13T14:14:41.421+0800: [GC (Allocation Failure) 2022-05-13T14:14:41.421+0800: [ParNew: 613039K->68096K(613440K), 0.0636966 secs] 823649K->393076K(4126208K), 0.0641123 secs] [Times: user=0.36 sys=0.05, real=0.06 secs]
2022-05-13T14:14:41.582+0800: [GC (Allocation Failure) 2022-05-13T14:14:41.583+0800: [ParNew: 613440K->68094K(613440K), 0.0687796 secs] 938420K->521997K(4126208K), 0.0691148 secs] [Times: user=0.42 sys=0.06, real=0.07 secs]
2022-05-13T14:14:41.756+0800: [GC (Allocation Failure) 2022-05-13T14:14:41.756+0800: [ParNew: 613438K->68096K(613440K), 0.0731744 secs] 1067341K->648961K(4126208K), 0.0735201 secs] [Times: user=0.45 sys=0.03, real=0.07 secs]
执行结束!共生成对象次数:11383
Heap
 par new generation   total 613440K, used 416768K [0x00000006c0000000, 0x00000006e9990000, 0x00000006e9990000)
  eden space 545344K,  63% used [0x00000006c0000000, 0x00000006d5480240, 0x00000006e1490000)
  from space 68096K, 100% used [0x00000006e5710000, 0x00000006e9990000, 0x00000006e9990000)
  to   space 68096K,   0% used [0x00000006e1490000, 0x00000006e1490000, 0x00000006e5710000)
 concurrent mark-sweep generation total 3512768K, used 580865K [0x00000006e9990000, 0x00000007c0000000, 0x00000007c0000000)
 Metaspace       used 2635K, capacity 4486K, committed 4864K, reserved 1056768K
  class space    used 291K, capacity 386K, committed 512K, reserved 1048576K