正在执行...
2022-05-13T14:11:46.982+0800: [GC (Allocation Failure) 2022-05-13T14:11:46.983+0800: [ParNew: 69952K->8702K(78656K), 0.1187103 secs] 69952K->26378K(253440K), 0.1198540 secs] [Times: user=0.02 sys=0.00, real=0.12 secs]
2022-05-13T14:11:47.119+0800: [GC (Allocation Failure) 2022-05-13T14:11:47.119+0800: [ParNew: 78654K->8693K(78656K), 0.0077977 secs] 96330K->49521K(253440K), 0.0080893 secs] [Times: user=0.00 sys=0.00, real=0.01 secs]
2022-05-13T14:11:47.142+0800: [GC (Allocation Failure) 2022-05-13T14:11:47.142+0800: [ParNew: 78645K->8696K(78656K), 0.0130414 secs] 119473K->74763K(253440K), 0.0135614 secs] [Times: user=0.09 sys=0.02, real=0.01 secs]
2022-05-13T14:11:47.170+0800: [GC (Allocation Failure) 2022-05-13T14:11:47.170+0800: [ParNew: 78648K->8702K(78656K), 0.0137650 secs] 144715K->99368K(253440K), 0.0142711 secs] [Times: user=0.11 sys=0.02, real=0.01 secs]
2022-05-13T14:11:47.185+0800: [GC (CMS Initial Mark) [1 CMS-initial-mark: 90665K(174784K)] 99562K(253440K), 0.0006106 secs] [Times: user=0.00 sys=0.00, real=0.00 secs]
2022-05-13T14:11:47.185+0800: [CMS-concurrent-mark-start]
2022-05-13T14:11:47.187+0800: [CMS-concurrent-mark: 0.001/0.001 secs] [Times: user=0.00 sys=0.00, real=0.00 secs]
2022-05-13T14:11:47.187+0800: [CMS-concurrent-preclean-start]
2022-05-13T14:11:47.188+0800: [CMS-concurrent-preclean: 0.000/0.000 secs] [Times: user=0.00 sys=0.00, real=0.00 secs]
2022-05-13T14:11:47.188+0800: [CMS-concurrent-abortable-preclean-start]
2022-05-13T14:11:47.198+0800: [GC (Allocation Failure) 2022-05-13T14:11:47.198+0800: [ParNew: 78654K->8684K(78656K), 0.0160812 secs] 169320K->126422K(253440K), 0.0164098 secs] [Times: user=0.08 sys=0.01, real=0.02 secs]
2022-05-13T14:11:47.229+0800: [GC (Allocation Failure) 2022-05-13T14:11:47.229+0800: [ParNew: 78636K->8699K(78656K), 0.0120334 secs] 196374K->148769K(253440K), 0.0122096 secs] [Times: user=0.00 sys=0.00, real=0.01 secs]
2022-05-13T14:11:47.256+0800: [GC (Allocation Failure) 2022-05-13T14:11:47.258+0800: [ParNew: 78651K->8702K(78656K), 0.0104615 secs] 218721K->168758K(253440K), 0.0117199 secs] [Times: user=0.11 sys=0.02, real=0.01 secs]
2022-05-13T14:11:47.269+0800: [CMS-concurrent-abortable-preclean: 0.004/0.081 secs] [Times: user=0.25 sys=0.03, real=0.08 secs]
2022-05-13T14:11:47.269+0800: [GC (CMS Final Remark) [YG occupancy: 16150 K (78656 K)]2022-05-13T14:11:47.269+0800: [Rescan (parallel) , 0.0002681 secs]2022-05-13T14:11:47.270+0800: [weak refs processing, 0.0000680 secs]2022-05-13T14:11:47.270+0800: [class unloading, 0.0002550 secs]2022-05-13T14:11:47.270+0800: [scrub symbol table, 0.0003925 secs]2022-05-13T14:11:47.270+0800: [scrub string table, 0.0001615 secs][1 CMS-remark: 160056K(174784K)] 176206K(253440K), 0.0014402 secs] [Times: user=0.00 sys=0.00, real=0.00 secs]
2022-05-13T14:11:47.271+0800: [CMS-concurrent-sweep-start]
2022-05-13T14:11:47.272+0800: [CMS-concurrent-sweep: 0.001/0.001 secs] [Times: user=0.00 sys=0.00, real=0.00 secs]
2022-05-13T14:11:47.272+0800: [CMS-concurrent-reset-start]
2022-05-13T14:11:47.272+0800: [CMS-concurrent-reset: 0.000/0.000 secs] [Times: user=0.00 sys=0.00, real=0.00 secs]
2022-05-13T14:11:47.284+0800: [GC (Allocation Failure) 2022-05-13T14:11:47.284+0800: [ParNew: 78413K->78413K(78656K), 0.0002175 secs]2022-05-13T14:11:47.284+0800: [CMS: 153420K->161943K(174784K), 0.0356784 secs] 231833K->161943K(253440K), [Metaspace: 2628K->2628K(1056768K)], 0.0362775 secs] [Times: user=0.03 sys=0.00, real=0.04 secs]
2022-05-13T14:11:47.320+0800: [GC (CMS Initial Mark) [1 CMS-initial-mark: 161943K(174784K)] 162231K(253440K), 0.0003605 secs] [Times: user=0.00 sys=0.00, real=0.00 secs]
2022-05-13T14:11:47.321+0800: [CMS-concurrent-mark-start]
2022-05-13T14:11:47.322+0800: [CMS-concurrent-mark: 0.002/0.002 secs] [Times: user=0.00 sys=0.00, real=0.00 secs]
2022-05-13T14:11:47.323+0800: [CMS-concurrent-preclean-start]
2022-05-13T14:11:47.323+0800: [CMS-concurrent-preclean: 0.000/0.000 secs] [Times: user=0.00 sys=0.00, real=0.00 secs]
2022-05-13T14:11:47.324+0800: [CMS-concurrent-abortable-preclean-start]
2022-05-13T14:11:47.324+0800: [CMS-concurrent-abortable-preclean: 0.000/0.000 secs] [Times: user=0.00 sys=0.00, real=0.00 secs]
2022-05-13T14:11:47.325+0800: [GC (CMS Final Remark) [YG occupancy: 15642 K (78656 K)]2022-05-13T14:11:47.325+0800: [Rescan (parallel) , 0.0003420 secs]2022-05-13T14:11:47.325+0800: [weak refs processing, 0.0001751 secs]2022-05-13T14:11:47.325+0800: [class unloading, 0.0003563 secs]2022-05-13T14:11:47.326+0800: [scrub symbol table, 0.0005066 secs]2022-05-13T14:11:47.326+0800: [scrub string table, 0.0001652 secs][1 CMS-remark: 161943K(174784K)] 177586K(253440K), 0.0021441 secs] [Times: user=0.00 sys=0.00, real=0.00 secs]
2022-05-13T14:11:47.327+0800: [CMS-concurrent-sweep-start]
2022-05-13T14:11:47.327+0800: [CMS-concurrent-sweep: 0.000/0.000 secs] [Times: user=0.00 sys=0.00, real=0.00 secs]
2022-05-13T14:11:47.328+0800: [CMS-concurrent-reset-start]
2022-05-13T14:11:47.328+0800: [CMS-concurrent-reset: 0.000/0.000 secs] [Times: user=0.00 sys=0.00, real=0.00 secs]
2022-05-13T14:11:47.337+0800: [GC (Allocation Failure) 2022-05-13T14:11:47.339+0800: [ParNew: 69921K->69921K(78656K), 0.0004403 secs]2022-05-13T14:11:47.340+0800: [CMS: 161876K->173180K(174784K), 0.0399395 secs] 231798K->173180K(253440K), [Metaspace: 2628K->2628K(1056768K)], 0.0426743 secs] [Times: user=0.03 sys=0.00, real=0.04 secs]
2022-05-13T14:11:47.380+0800: [GC (CMS Initial Mark) [1 CMS-initial-mark: 173180K(174784K)] 173468K(253440K), 0.0004347 secs] [Times: user=0.00 sys=0.00, real=0.00 secs]
2022-05-13T14:11:47.380+0800: [CMS-concurrent-mark-start]
2022-05-13T14:11:47.382+0800: [CMS-concurrent-mark: 0.001/0.001 secs] [Times: user=0.00 sys=0.00, real=0.00 secs]
2022-05-13T14:11:47.382+0800: [CMS-concurrent-preclean-start]
2022-05-13T14:11:47.383+0800: [CMS-concurrent-preclean: 0.001/0.001 secs] [Times: user=0.00 sys=0.00, real=0.00 secs]
2022-05-13T14:11:47.383+0800: [CMS-concurrent-abortable-preclean-start]
2022-05-13T14:11:47.384+0800: [CMS-concurrent-abortable-preclean: 0.000/0.000 secs] [Times: user=0.02 sys=0.00, real=0.00 secs]
2022-05-13T14:11:47.384+0800: [GC (CMS Final Remark) [YG occupancy: 17599 K (78656 K)]2022-05-13T14:11:47.385+0800: [Rescan (parallel) , 0.0004156 secs]2022-05-13T14:11:47.385+0800: [weak refs processing, 0.0000935 secs]2022-05-13T14:11:47.385+0800: [class unloading, 0.0003557 secs]2022-05-13T14:11:47.386+0800: [scrub symbol table, 0.0004091 secs]2022-05-13T14:11:47.386+0800: [scrub string table, 0.0002490 secs][1 CMS-remark: 173180K(174784K)] 190779K(253440K), 0.0019833 secs] [Times: user=0.00 sys=0.00, real=0.00 secs]
2022-05-13T14:11:47.387+0800: [CMS-concurrent-sweep-start]
2022-05-13T14:11:47.387+0800: [CMS-concurrent-sweep: 0.000/0.000 secs] [Times: user=0.00 sys=0.00, real=0.00 secs]
2022-05-13T14:11:47.387+0800: [CMS-concurrent-reset-start]
2022-05-13T14:11:47.388+0800: [CMS-concurrent-reset: 0.000/0.000 secs] [Times: user=0.00 sys=0.00, real=0.00 secs]
2022-05-13T14:11:47.396+0800: [GC (Allocation Failure) 2022-05-13T14:11:47.396+0800: [ParNew: 69937K->69937K(78656K), 0.0005182 secs]2022-05-13T14:11:47.397+0800: [CMS: 172492K->174530K(174784K), 0.0425885 secs] 242430K->185881K(253440K), [Metaspace: 2628K->2628K(1056768K)], 0.0439541 secs] [Times: user=0.05 sys=0.00, real=0.04 secs]
2022-05-13T14:11:47.440+0800: [GC (CMS Initial Mark) [1 CMS-initial-mark: 174530K(174784K)] 187410K(253440K), 0.0010302 secs] [Times: user=0.00 sys=0.00, real=0.00 secs]
2022-05-13T14:11:47.441+0800: [CMS-concurrent-mark-start]
2022-05-13T14:11:47.443+0800: [CMS-concurrent-mark: 0.002/0.002 secs] [Times: user=0.00 sys=0.00, real=0.00 secs]
2022-05-13T14:11:47.444+0800: [CMS-concurrent-preclean-start]
2022-05-13T14:11:47.445+0800: [CMS-concurrent-preclean: 0.001/0.001 secs] [Times: user=0.01 sys=0.00, real=0.00 secs]
2022-05-13T14:11:47.446+0800: [CMS-concurrent-abortable-preclean-start]
2022-05-13T14:11:47.446+0800: [CMS-concurrent-abortable-preclean: 0.000/0.000 secs] [Times: user=0.00 sys=0.00, real=0.00 secs]
2022-05-13T14:11:47.446+0800: [GC (CMS Final Remark) [YG occupancy: 36726 K (78656 K)]2022-05-13T14:11:47.446+0800: [Rescan (parallel) , 0.0003310 secs]2022-05-13T14:11:47.447+0800: [weak refs processing, 0.0002233 secs]2022-05-13T14:11:47.447+0800: [class unloading, 0.0003849 secs]2022-05-13T14:11:47.448+0800: [scrub symbol table, 0.0005010 secs]2022-05-13T14:11:47.448+0800: [scrub string table, 0.0001901 secs][1 CMS-remark: 174530K(174784K)] 211257K(253440K), 0.0021012 secs] [Times: user=0.00 sys=0.00, real=0.00 secs]
2022-05-13T14:11:47.449+0800: [CMS-concurrent-sweep-start]
2022-05-13T14:11:47.452+0800: [CMS-concurrent-sweep: 0.000/0.000 secs] [Times: user=0.00 sys=0.00, real=0.00 secs]
2022-05-13T14:11:47.453+0800: [CMS-concurrent-reset-start]
2022-05-13T14:11:47.453+0800: [CMS-concurrent-reset: 0.000/0.000 secs] [Times: user=0.00 sys=0.00, real=0.00 secs]
2022-05-13T14:11:47.459+0800: [GC (Allocation Failure) 2022-05-13T14:11:47.459+0800: [ParNew: 78609K->78609K(78656K), 0.0005685 secs]2022-05-13T14:11:47.460+0800: [CMS: 174095K->174579K(174784K), 0.0425829 secs] 252704K->200041K(253440K), [Metaspace: 2628K->2628K(1056768K)], 0.0437973 secs] [Times: user=0.05 sys=0.00, real=0.04 secs]
2022-05-13T14:11:47.503+0800: [GC (CMS Initial Mark) [1 CMS-initial-mark: 174579K(174784K)] 200204K(253440K), 0.0003906 secs] [Times: user=0.00 sys=0.00, real=0.00 secs]
2022-05-13T14:11:47.503+0800: [CMS-concurrent-mark-start]
2022-05-13T14:11:47.505+0800: [CMS-concurrent-mark: 0.001/0.001 secs] [Times: user=0.00 sys=0.00, real=0.00 secs]
2022-05-13T14:11:47.505+0800: [CMS-concurrent-preclean-start]
2022-05-13T14:11:47.509+0800: [CMS-concurrent-preclean: 0.002/0.002 secs] [Times: user=0.03 sys=0.00, real=0.00 secs]
2022-05-13T14:11:47.510+0800: [CMS-concurrent-abortable-preclean-start]
2022-05-13T14:11:47.511+0800: [CMS-concurrent-abortable-preclean: 0.000/0.000 secs] [Times: user=0.00 sys=0.00, real=0.00 secs]
2022-05-13T14:11:47.512+0800: [GC (CMS Final Remark) [YG occupancy: 69952 K (78656 K)]2022-05-13T14:11:47.513+0800: [Rescan (parallel) , 0.0030148 secs]2022-05-13T14:11:47.516+0800: [weak refs processing, 0.0001535 secs]2022-05-13T14:11:47.516+0800: [class unloading, 0.0004611 secs]2022-05-13T14:11:47.517+0800: [scrub symbol table, 0.0076811 secs]2022-05-13T14:11:47.525+0800: [scrub string table, 0.0003803 secs][1 CMS-remark: 174579K(174784K)] 244531K(253440K), 0.0131915 secs] [Times: user=0.00 sys=0.00, real=0.01 secs]
2022-05-13T14:11:47.526+0800: [CMS-concurrent-sweep-start]
2022-05-13T14:11:47.527+0800: [CMS-concurrent-sweep: 0.001/0.001 secs]2022-05-13T14:11:47.527+0800: [Full GC (Allocation Failure) 2022-05-13T14:11:47.528+0800: [CMS [Times: user=0.00 sys=0.00, real=0.00 secs]
: 174041K->174096K(174784K), 0.0522523 secs] 252673K->209970K(253440K), [Metaspace: 2628K->2628K(1056768K)], 0.0532738 secs] [Times: user=0.05 sys=0.00, real=0.05 secs]
2022-05-13T14:11:47.588+0800: [Full GC (Allocation Failure) 2022-05-13T14:11:47.589+0800: [CMS: 174476K->174226K(174784K), 0.0516470 secs] 252980K->213643K(253440K), [Metaspace: 2628K->2628K(1056768K)], 0.0523632 secs] [Times: user=0.05 sys=0.00, real=0.05 secs]
2022-05-13T14:11:47.642+0800: [GC (CMS Initial Mark) [1 CMS-initial-mark: 174226K(174784K)] 215415K(253440K), 0.0041082 secs] [Times: user=0.00 sys=0.00, real=0.00 secs]
2022-05-13T14:11:47.646+0800: [CMS-concurrent-mark-start]
2022-05-13T14:11:47.648+0800: [CMS-concurrent-mark: 0.001/0.001 secs] [Times: user=0.00 sys=0.00, real=0.00 secs]
2022-05-13T14:11:47.648+0800: [CMS-concurrent-preclean-start]
2022-05-13T14:11:47.653+0800: [CMS-concurrent-preclean: 0.003/0.003 secs]2022-05-13T14:11:47.656+0800: [Full GC (Allocation Failure)  [Times: user=0.02 sys=0.00, real=0.01 secs]
2022-05-13T14:11:47.660+0800: [CMS (concurrent mode failure): 174472K->174707K(174784K), 0.0573640 secs] 253098K->217736K(253440K), [Metaspace: 2628K->2628K(1056768K)], 0.0628600 secs] [Times: user=0.06 sys=0.00, real=0.06 secs]
2022-05-13T14:11:47.725+0800: [Full GC (Allocation Failure) 2022-05-13T14:11:47.726+0800: [CMS: 174770K->174433K(174784K), 0.0551159 secs] 253418K->227624K(253440K), [Metaspace: 2628K->2628K(1056768K)], 0.0562245 secs] [Times: user=0.06 sys=0.00, real=0.06 secs]
2022-05-13T14:11:47.783+0800: [GC (CMS Initial Mark) [1 CMS-initial-mark: 174433K(174784K)] 228746K(253440K), 0.0028988 secs] [Times: user=0.00 sys=0.00, real=0.00 secs]
2022-05-13T14:11:47.786+0800: [CMS-concurrent-mark-start]
2022-05-13T14:11:47.788+0800: [CMS-concurrent-mark: 0.002/0.002 secs] [Times: user=0.00 sys=0.00, real=0.00 secs]
2022-05-13T14:11:47.789+0800: [CMS-concurrent-preclean-start]
2022-05-13T14:11:47.792+0800: [Full GC (Allocation Failure) 2022-05-13T14:11:47.792+0800: [CMS2022-05-13T14:11:47.793+0800: [CMS-concurrent-preclean: 0.001/0.002 secs] [Times: user=0.02 sys=0.00, real=0.00 secs]
 (concurrent mode failure): 174685K->174646K(174784K), 0.0584297 secs] 253330K->233977K(253440K), [Metaspace: 2628K->2628K(1056768K)], 0.0592300 secs] [Times: user=0.05 sys=0.00, real=0.06 secs]
2022-05-13T14:11:47.857+0800: [Full GC (Allocation Failure) 2022-05-13T14:11:47.857+0800: [CMS: 174646K->174289K(174784K), 0.0567480 secs] 253110K->236401K(253440K), [Metaspace: 2628K->2628K(1056768K)], 0.0573170 secs] [Times: user=0.05 sys=0.00, real=0.06 secs]
2022-05-13T14:11:47.915+0800: [GC (CMS Initial Mark) [1 CMS-initial-mark: 174289K(174784K)] 237025K(253440K), 0.0032007 secs] [Times: user=0.00 sys=0.00, real=0.00 secs]
2022-05-13T14:11:47.918+0800: [CMS-concurrent-mark-start]
2022-05-13T14:11:47.920+0800: [CMS-concurrent-mark: 0.001/0.001 secs] [Times: user=0.00 sys=0.00, real=0.00 secs]
2022-05-13T14:11:47.920+0800: [CMS-concurrent-preclean-start]
2022-05-13T14:11:47.921+0800: [Full GC (Allocation Failure) 2022-05-13T14:11:47.922+0800: [CMS2022-05-13T14:11:47.922+0800: [CMS-concurrent-preclean: 0.001/0.002 secs] [Times: user=0.00 sys=0.00, real=0.00 secs]
 (concurrent mode failure): 174449K->174715K(174784K), 0.0566158 secs] 253078K->238433K(253440K), [Metaspace: 2628K->2628K(1056768K)], 0.0573343 secs] [Times: user=0.06 sys=0.00, real=0.06 secs]
执行结束!共生成对象次数:3795
Heap
 par new generation   total 78656K, used 65861K [0x00000000f0000000, 0x00000000f5550000, 0x00000000f5550000)
  eden space 69952K,  94% used [0x00000000f0000000, 0x00000000f4051660, 0x00000000f4450000)
  from space 8704K,   0% used [0x00000000f4cd0000, 0x00000000f4cd0000, 0x00000000f5550000)
  to   space 8704K,   0% used [0x00000000f4450000, 0x00000000f4450000, 0x00000000f4cd0000)
 concurrent mark-sweep generation total 174784K, used 174715K [0x00000000f5550000, 0x0000000100000000, 0x0000000100000000)
 Metaspace       used 2635K, capacity 4486K, committed 4864K, reserved 1056768K
  class space    used 291K, capacity 386K, committed 512K, reserved 1048576K