正在执行...
2022-05-13T14:12:33.740+0800: [GC (Allocation Failure) 2022-05-13T14:12:33.741+0800: [ParNew: 139080K->17469K(157248K), 0.0117034 secs] 139080K->42345K(506816K), 0.0124429 secs] [Times: user=0.06 sys=0.06, real=0.01 secs]
2022-05-13T14:12:33.786+0800: [GC (Allocation Failure) 2022-05-13T14:12:33.786+0800: [ParNew: 157245K->17472K(157248K), 0.0143282 secs] 182121K->87878K(506816K), 0.0147301 secs] [Times: user=0.09 sys=0.03, real=0.02 secs]
2022-05-13T14:12:33.827+0800: [GC (Allocation Failure) 2022-05-13T14:12:33.827+0800: [ParNew: 157248K->17472K(157248K), 0.0239401 secs] 227654K->130777K(506816K), 0.0242908 secs] [Times: user=0.06 sys=0.01, real=0.03 secs]
2022-05-13T14:12:33.877+0800: [GC (Allocation Failure) 2022-05-13T14:12:33.878+0800: [ParNew: 157248K->17470K(157248K), 0.0283460 secs] 270553K->183185K(506816K), 0.0288514 secs] [Times: user=0.19 sys=0.00, real=0.03 secs]
2022-05-13T14:12:33.933+0800: [GC (Allocation Failure) 2022-05-13T14:12:33.933+0800: [ParNew: 157246K->17471K(157248K), 0.0248034 secs] 322961K->226603K(506816K), 0.0251318 secs] [Times: user=0.09 sys=0.02, real=0.02 secs]
2022-05-13T14:12:33.957+0800: [GC (CMS Initial Mark) [1 CMS-initial-mark: 209132K(349568K)] 227060K(506816K), 0.0002524 secs] [Times: user=0.00 sys=0.00, real=0.00 secs]
2022-05-13T14:12:33.957+0800: [CMS-concurrent-mark-start]
2022-05-13T14:12:33.960+0800: [CMS-concurrent-mark: 0.001/0.001 secs] [Times: user=0.00 sys=0.00, real=0.00 secs]
2022-05-13T14:12:33.960+0800: [CMS-concurrent-preclean-start]
2022-05-13T14:12:33.960+0800: [CMS-concurrent-preclean: 0.001/0.001 secs] [Times: user=0.00 sys=0.00, real=0.00 secs]
2022-05-13T14:12:33.960+0800: [CMS-concurrent-abortable-preclean-start]
2022-05-13T14:12:33.984+0800: [GC (Allocation Failure) 2022-05-13T14:12:33.984+0800: [ParNew: 157247K->17470K(157248K), 0.0250354 secs] 366379K->270325K(506816K), 0.0252055 secs] [Times: user=0.19 sys=0.03, real=0.03 secs]
2022-05-13T14:12:34.034+0800: [GC (Allocation Failure) 2022-05-13T14:12:34.035+0800: [ParNew: 157246K->17467K(157248K), 0.0234040 secs] 410101K->309452K(506816K), 0.0236692 secs] [Times: user=0.20 sys=0.00, real=0.02 secs]
2022-05-13T14:12:34.084+0800: [GC (Allocation Failure) 2022-05-13T14:12:34.084+0800: [ParNew: 156727K->17471K(157248K), 0.0253302 secs] 448712K->353350K(506816K), 0.0256690 secs] [Times: user=0.16 sys=0.03, real=0.02 secs]
2022-05-13T14:12:34.109+0800: [CMS-concurrent-abortable-preclean: 0.003/0.149 secs] [Times: user=0.61 sys=0.06, real=0.15 secs]
2022-05-13T14:12:34.109+0800: [GC (CMS Final Remark) [YG occupancy: 21029 K (157248 K)]2022-05-13T14:12:34.109+0800: [Rescan (parallel) , 0.0003247 secs]2022-05-13T14:12:34.109+0800: [weak refs processing, 0.0000684 secs]2022-05-13T14:12:34.110+0800: [class unloading, 0.0002673 secs]2022-05-13T14:12:34.110+0800: [scrub symbol table, 0.0003753 secs]2022-05-13T14:12:34.110+0800: [scrub string table, 0.0001363 secs][1 CMS-remark: 335878K(349568K)] 356908K(506816K), 0.0014533 secs] [Times: user=0.00 sys=0.00, real=0.00 secs]
2022-05-13T14:12:34.111+0800: [CMS-concurrent-sweep-start]
2022-05-13T14:12:34.113+0800: [CMS-concurrent-sweep: 0.001/0.001 secs] [Times: user=0.00 sys=0.00, real=0.00 secs]
2022-05-13T14:12:34.115+0800: [CMS-concurrent-reset-start]
2022-05-13T14:12:34.117+0800: [CMS-concurrent-reset: 0.001/0.001 secs] [Times: user=0.00 sys=0.00, real=0.00 secs]
2022-05-13T14:12:34.137+0800: [GC (Allocation Failure) 2022-05-13T14:12:34.137+0800: [ParNew: 157247K->17471K(157248K), 0.0142040 secs] 448750K->350502K(506816K), 0.0144430 secs] [Times: user=0.08 sys=0.02, real=0.01 secs]
2022-05-13T14:12:34.191+0800: [GC (CMS Initial Mark) [1 CMS-initial-mark: 333031K(349568K)] 350853K(506816K), 0.0008847 secs] [Times: user=0.00 sys=0.00, real=0.00 secs]
2022-05-13T14:12:34.191+0800: [CMS-concurrent-mark-start]
2022-05-13T14:12:34.194+0800: [CMS-concurrent-mark: 0.002/0.002 secs] [Times: user=0.00 sys=0.00, real=0.00 secs]
2022-05-13T14:12:34.194+0800: [CMS-concurrent-preclean-start]
2022-05-13T14:12:34.195+0800: [CMS-concurrent-preclean: 0.001/0.001 secs] [Times: user=0.00 sys=0.00, real=0.00 secs]
2022-05-13T14:12:34.195+0800: [CMS-concurrent-abortable-preclean-start]
2022-05-13T14:12:34.195+0800: [CMS-concurrent-abortable-preclean: 0.000/0.000 secs] [Times: user=0.00 sys=0.00, real=0.00 secs]
2022-05-13T14:12:34.195+0800: [GC (CMS Final Remark) [YG occupancy: 37623 K (157248 K)]2022-05-13T14:12:34.195+0800: [Rescan (parallel) , 0.0003350 secs]2022-05-13T14:12:34.196+0800: [weak refs processing, 0.0000590 secs]2022-05-13T14:12:34.196+0800: [class unloading, 0.0002573 secs]2022-05-13T14:12:34.196+0800: [scrub symbol table, 0.0004141 secs]2022-05-13T14:12:34.196+0800: [scrub string table, 0.0001976 secs][1 CMS-remark: 333031K(349568K)] 370654K(506816K), 0.0015518 secs] [Times: user=0.00 sys=0.00, real=0.00 secs]
2022-05-13T14:12:34.196+0800: [CMS-concurrent-sweep-start]
2022-05-13T14:12:34.198+0800: [CMS-concurrent-sweep: 0.001/0.001 secs] [Times: user=0.00 sys=0.00, real=0.00 secs]
2022-05-13T14:12:34.199+0800: [CMS-concurrent-reset-start]
2022-05-13T14:12:34.199+0800: [CMS-concurrent-reset: 0.001/0.001 secs] [Times: user=0.00 sys=0.00, real=0.00 secs]
2022-05-13T14:12:34.220+0800: [GC (Allocation Failure) 2022-05-13T14:12:34.221+0800: [ParNew: 157079K->17470K(157248K), 0.0147132 secs] 406286K->310038K(506816K), 0.0152489 secs] [Times: user=0.13 sys=0.00, real=0.01 secs]
2022-05-13T14:12:34.235+0800: [GC (CMS Initial Mark) [1 CMS-initial-mark: 292567K(349568K)] 313558K(506816K), 0.0005849 secs] [Times: user=0.00 sys=0.00, real=0.00 secs]
2022-05-13T14:12:34.236+0800: [CMS-concurrent-mark-start]
2022-05-13T14:12:34.240+0800: [CMS-concurrent-mark: 0.003/0.003 secs] [Times: user=0.00 sys=0.00, real=0.00 secs]
2022-05-13T14:12:34.241+0800: [CMS-concurrent-preclean-start]
2022-05-13T14:12:34.242+0800: [CMS-concurrent-preclean: 0.001/0.001 secs] [Times: user=0.00 sys=0.00, real=0.00 secs]
2022-05-13T14:12:34.242+0800: [CMS-concurrent-abortable-preclean-start]
2022-05-13T14:12:34.261+0800: [GC (Allocation Failure) 2022-05-13T14:12:34.261+0800: [ParNew: 157246K->17464K(157248K), 0.0154060 secs] 449814K->354069K(506816K), 0.0156768 secs] [Times: user=0.11 sys=0.02, real=0.02 secs]
2022-05-13T14:12:34.276+0800: [CMS-concurrent-abortable-preclean: 0.001/0.035 secs] [Times: user=0.14 sys=0.02, real=0.03 secs]
2022-05-13T14:12:34.276+0800: [GC (CMS Final Remark) [YG occupancy: 20460 K (157248 K)]2022-05-13T14:12:34.276+0800: [Rescan (parallel) , 0.0003349 secs]2022-05-13T14:12:34.277+0800: [weak refs processing, 0.0000699 secs]2022-05-13T14:12:34.277+0800: [class unloading, 0.0002604 secs]2022-05-13T14:12:34.277+0800: [scrub symbol table, 0.0003483 secs]2022-05-13T14:12:34.277+0800: [scrub string table, 0.0001860 secs][1 CMS-remark: 336605K(349568K)] 357065K(506816K), 0.0014614 secs] [Times: user=0.00 sys=0.00, real=0.00 secs]
2022-05-13T14:12:34.279+0800: [CMS-concurrent-sweep-start]
2022-05-13T14:12:34.280+0800: [CMS-concurrent-sweep: 0.001/0.001 secs] [Times: user=0.00 sys=0.00, real=0.00 secs]
2022-05-13T14:12:34.280+0800: [CMS-concurrent-reset-start]
2022-05-13T14:12:34.281+0800: [CMS-concurrent-reset: 0.001/0.001 secs] [Times: user=0.00 sys=0.00, real=0.00 secs]
2022-05-13T14:12:34.306+0800: [GC (Allocation Failure) 2022-05-13T14:12:34.306+0800: [ParNew: 157240K->17470K(157248K), 0.0147801 secs] 457854K->361199K(506816K), 0.0151381 secs] [Times: user=0.00 sys=0.00, real=0.01 secs]
2022-05-13T14:12:34.320+0800: [GC (CMS Initial Mark) [1 CMS-initial-mark: 343729K(349568K)] 361967K(506816K), 0.0002362 secs] [Times: user=0.02 sys=0.00, real=0.00 secs]
2022-05-13T14:12:34.321+0800: [CMS-concurrent-mark-start]
2022-05-13T14:12:34.324+0800: [CMS-concurrent-mark: 0.003/0.003 secs] [Times: user=0.00 sys=0.00, real=0.00 secs]
2022-05-13T14:12:34.324+0800: [CMS-concurrent-preclean-start]
2022-05-13T14:12:34.326+0800: [CMS-concurrent-preclean: 0.001/0.001 secs] [Times: user=0.00 sys=0.00, real=0.00 secs]
2022-05-13T14:12:34.327+0800: [CMS-concurrent-abortable-preclean-start]
2022-05-13T14:12:34.327+0800: [CMS-concurrent-abortable-preclean: 0.000/0.000 secs] [Times: user=0.00 sys=0.00, real=0.00 secs]
2022-05-13T14:12:34.327+0800: [GC (CMS Final Remark) [YG occupancy: 44597 K (157248 K)]2022-05-13T14:12:34.327+0800: [Rescan (parallel) , 0.0003435 secs]2022-05-13T14:12:34.327+0800: [weak refs processing, 0.0000692 secs]2022-05-13T14:12:34.327+0800: [class unloading, 0.0002515 secs]2022-05-13T14:12:34.327+0800: [scrub symbol table, 0.0003521 secs]2022-05-13T14:12:34.327+0800: [scrub string table, 0.0001354 secs][1 CMS-remark: 343729K(349568K)] 388326K(506816K), 0.0014147 secs] [Times: user=0.00 sys=0.00, real=0.00 secs]
2022-05-13T14:12:34.327+0800: [CMS-concurrent-sweep-start]
2022-05-13T14:12:34.328+0800: [CMS-concurrent-sweep: 0.001/0.001 secs] [Times: user=0.00 sys=0.00, real=0.00 secs]
2022-05-13T14:12:34.330+0800: [CMS-concurrent-reset-start]
2022-05-13T14:12:34.331+0800: [CMS-concurrent-reset: 0.001/0.001 secs] [Times: user=0.00 sys=0.00, real=0.00 secs]
2022-05-13T14:12:34.351+0800: [GC (Allocation Failure) 2022-05-13T14:12:34.351+0800: [ParNew: 157209K->17467K(157248K), 0.0143874 secs] 435129K->338257K(506816K), 0.0147498 secs] [Times: user=0.09 sys=0.00, real=0.01 secs]
2022-05-13T14:12:34.366+0800: [GC (CMS Initial Mark) [1 CMS-initial-mark: 320790K(349568K)] 338555K(506816K), 0.0003219 secs] [Times: user=0.00 sys=0.00, real=0.00 secs]
2022-05-13T14:12:34.366+0800: [CMS-concurrent-mark-start]
2022-05-13T14:12:34.368+0800: [CMS-concurrent-mark: 0.001/0.001 secs] [Times: user=0.00 sys=0.00, real=0.00 secs]
2022-05-13T14:12:34.368+0800: [CMS-concurrent-preclean-start]
2022-05-13T14:12:34.369+0800: [CMS-concurrent-preclean: 0.001/0.001 secs] [Times: user=0.03 sys=0.00, real=0.00 secs]
2022-05-13T14:12:34.369+0800: [CMS-concurrent-abortable-preclean-start]
2022-05-13T14:12:34.370+0800: [CMS-concurrent-abortable-preclean: 0.000/0.000 secs] [Times: user=0.00 sys=0.00, real=0.00 secs]
2022-05-13T14:12:34.373+0800: [GC (CMS Final Remark) [YG occupancy: 53637 K (157248 K)]2022-05-13T14:12:34.374+0800: [Rescan (parallel) , 0.0003686 secs]2022-05-13T14:12:34.374+0800: [weak refs processing, 0.0000773 secs]2022-05-13T14:12:34.374+0800: [class unloading, 0.0002851 secs]2022-05-13T14:12:34.375+0800: [scrub symbol table, 0.0006757 secs]2022-05-13T14:12:34.375+0800: [scrub string table, 0.0001489 secs][1 CMS-remark: 320790K(349568K)] 374427K(506816K), 0.0020759 secs] [Times: user=0.00 sys=0.00, real=0.00 secs]
2022-05-13T14:12:34.375+0800: [CMS-concurrent-sweep-start]
2022-05-13T14:12:34.378+0800: [CMS-concurrent-sweep: 0.002/0.002 secs] [Times: user=0.00 sys=0.00, real=0.00 secs]
2022-05-13T14:12:34.378+0800: [CMS-concurrent-reset-start]
2022-05-13T14:12:34.378+0800: [CMS-concurrent-reset: 0.001/0.001 secs] [Times: user=0.00 sys=0.00, real=0.00 secs]
2022-05-13T14:12:34.403+0800: [GC (Allocation Failure) 2022-05-13T14:12:34.403+0800: [ParNew: 157243K->17471K(157248K), 0.0166676 secs] 447247K->355807K(506816K), 0.0169388 secs] [Times: user=0.09 sys=0.00, real=0.02 secs]
2022-05-13T14:12:34.420+0800: [GC (CMS Initial Mark) [1 CMS-initial-mark: 338335K(349568K)] 355951K(506816K), 0.0007497 secs] [Times: user=0.00 sys=0.00, real=0.00 secs]
2022-05-13T14:12:34.420+0800: [CMS-concurrent-mark-start]
2022-05-13T14:12:34.425+0800: [CMS-concurrent-mark: 0.003/0.003 secs] [Times: user=0.00 sys=0.00, real=0.00 secs]
2022-05-13T14:12:34.425+0800: [CMS-concurrent-preclean-start]
2022-05-13T14:12:34.426+0800: [CMS-concurrent-preclean: 0.001/0.001 secs] [Times: user=0.00 sys=0.00, real=0.00 secs]
2022-05-13T14:12:34.430+0800: [CMS-concurrent-abortable-preclean-start]
2022-05-13T14:12:34.439+0800: [CMS-concurrent-abortable-preclean: 0.000/0.000 secs] [Times: user=0.02 sys=0.00, real=0.01 secs]
2022-05-13T14:12:34.441+0800: [GC (CMS Final Remark) [YG occupancy: 90008 K (157248 K)]2022-05-13T14:12:34.442+0800: [Rescan (parallel) , 0.0004589 secs]2022-05-13T14:12:34.442+0800: [weak refs processing, 0.0000764 secs]2022-05-13T14:12:34.442+0800: [class unloading, 0.0009148 secs]2022-05-13T14:12:34.446+0800: [scrub symbol table, 0.0010051 secs]2022-05-13T14:12:34.446+0800: [scrub string table, 0.0001750 secs][1 CMS-remark: 338335K(349568K)] 428343K(506816K), 0.0057656 secs] [Times: user=0.02 sys=0.00, real=0.01 secs]
2022-05-13T14:12:34.446+0800: [CMS-concurrent-sweep-start]
2022-05-13T14:12:34.460+0800: [CMS-concurrent-sweep: 0.003/0.003 secs] [Times: user=0.01 sys=0.00, real=0.02 secs]
2022-05-13T14:12:34.464+0800: [CMS-concurrent-reset-start]
2022-05-13T14:12:34.473+0800: [GC (Allocation Failure) 2022-05-13T14:12:34.474+0800: [ParNew: 157247K->17470K(157248K), 0.0216118 secs] 454207K->355545K(506816K), 0.0229482 secs] [Times: user=0.17 sys=0.00, real=0.02 secs]
2022-05-13T14:12:34.497+0800: [CMS-concurrent-reset: 0.001/0.024 secs] [Times: user=0.17 sys=0.00, real=0.04 secs]
2022-05-13T14:12:34.530+0800: [GC (Allocation Failure) 2022-05-13T14:12:34.531+0800: [ParNew: 157246K->157246K(157248K), 0.0002232 secs]2022-05-13T14:12:34.531+0800: [CMS: 338074K->332932K(349568K), 0.0793784 secs] 495321K->332932K(506816K), [Metaspace: 2628K->2628K(1056768K)], 0.0810285 secs] [Times: user=0.08 sys=0.00, real=0.08 secs]
2022-05-13T14:12:34.610+0800: [GC (CMS Initial Mark) [1 CMS-initial-mark: 332932K(349568K)] 333708K(506816K), 0.0006810 secs] [Times: user=0.00 sys=0.00, real=0.00 secs]
2022-05-13T14:12:34.611+0800: [CMS-concurrent-mark-start]
2022-05-13T14:12:34.615+0800: [CMS-concurrent-mark: 0.002/0.002 secs] [Times: user=0.00 sys=0.00, real=0.00 secs]
2022-05-13T14:12:34.615+0800: [CMS-concurrent-preclean-start]
2022-05-13T14:12:34.617+0800: [CMS-concurrent-preclean: 0.001/0.001 secs] [Times: user=0.02 sys=0.00, real=0.00 secs]
2022-05-13T14:12:34.619+0800: [CMS-concurrent-abortable-preclean-start]
2022-05-13T14:12:34.621+0800: [CMS-concurrent-abortable-preclean: 0.000/0.000 secs] [Times: user=0.00 sys=0.00, real=0.00 secs]
2022-05-13T14:12:34.622+0800: [GC (CMS Final Remark) [YG occupancy: 40184 K (157248 K)]2022-05-13T14:12:34.623+0800: [Rescan (parallel) , 0.0003670 secs]2022-05-13T14:12:34.623+0800: [weak refs processing, 0.0000675 secs]2022-05-13T14:12:34.623+0800: [class unloading, 0.0002215 secs]2022-05-13T14:12:34.623+0800: [scrub symbol table, 0.0006741 secs]2022-05-13T14:12:34.623+0800: [scrub string table, 0.0001580 secs][1 CMS-remark: 332932K(349568K)] 373116K(506816K), 0.0020711 secs] [Times: user=0.00 sys=0.00, real=0.00 secs]
2022-05-13T14:12:34.624+0800: [CMS-concurrent-sweep-start]
2022-05-13T14:12:34.625+0800: [CMS-concurrent-sweep: 0.001/0.001 secs] [Times: user=0.00 sys=0.00, real=0.00 secs]
2022-05-13T14:12:34.625+0800: [CMS-concurrent-reset-start]
2022-05-13T14:12:34.627+0800: [CMS-concurrent-reset: 0.001/0.001 secs] [Times: user=0.00 sys=0.00, real=0.00 secs]
2022-05-13T14:12:34.647+0800: [GC (Allocation Failure) 2022-05-13T14:12:34.647+0800: [ParNew: 139776K->139776K(157248K), 0.0002621 secs]2022-05-13T14:12:34.648+0800: [CMS: 331559K->335176K(349568K), 0.0789605 secs] 471335K->335176K(506816K), [Metaspace: 2628K->2628K(1056768K)], 0.0806081 secs] [Times: user=0.08 sys=0.00, real=0.08 secs]
2022-05-13T14:12:34.727+0800: [GC (CMS Initial Mark) [1 CMS-initial-mark: 335176K(349568K)] 337982K(506816K), 0.0007298 secs] [Times: user=0.00 sys=0.00, real=0.00 secs]
2022-05-13T14:12:34.728+0800执行结束!共生成对象次数:9021:
[CMS-concurrent-mark-start]
Heap
 par new generation   total 157248K, used 5602K [0x00000000e0000000, 0x00000000eaaa0000, 0x00000000eaaa0000)
  eden space 139776K,   4% used [0x00000000e0000000, 0x00000000e0578810, 0x00000000e8880000)
  from space 17472K,   0% used [0x00000000e9990000, 0x00000000e9990000, 0x00000000eaaa0000)
  to   space 17472K,   0% used [0x00000000e8880000, 0x00000000e8880000, 0x00000000e9990000)
 concurrent mark-sweep generation2022-05-13T14:12:34.735+0800:  total 349568K, used 335176K [0x00000000eaaa0000, 0x0000000100000000, 0x0000000100000000)
 Metaspace       used 2635K, capacity 4486K, committed 4864K, reserved 1056768K
  class space    used 291K, capacity 386K, committed 512K, reserved 1048576K
[CMS-concurrent-mark: 0.002/0.002 secs] [Times: user=0.00 sys=0.00, real=0.01 secs]