正在执行...
2022-05-13T14:16:08.816+0800: [GC (Allocation Failure) 2022-05-13T14:16:08.818+0800: [ParNew: 545344K->68095K(613440K), 0.0309339 secs] 545344K->150709K(2029056K), 0.0321430 secs] [Times: user=0.16 sys=0.09, real=0.03 secs]
2022-05-13T14:16:08.948+0800: [GC (Allocation Failure) 2022-05-13T14:16:08.948+0800: [ParNew: 613439K->68096K(613440K), 0.0416987 secs] 696053K->269337K(2029056K), 0.0423117 secs] [Times: user=0.13 sys=0.08, real=0.04 secs]
2022-05-13T14:16:09.085+0800: [GC (Allocation Failure) 2022-05-13T14:16:09.085+0800: [ParNew: 613440K->68096K(613440K), 0.0715680 secs] 814681K->389077K(2029056K), 0.0721390 secs] [Times: user=0.49 sys=0.06, real=0.07 secs]
2022-05-13T14:16:09.259+0800: [GC (Allocation Failure) 2022-05-13T14:16:09.259+0800: [ParNew: 613440K->68096K(613440K), 0.0724297 secs] 934421K->511406K(2029056K), 0.0727688 secs] [Times: user=0.39 sys=0.06, real=0.07 secs]
2022-05-13T14:16:09.431+0800: [GC (Allocation Failure) 2022-05-13T14:16:09.431+0800: [ParNew: 613440K->68094K(613440K), 0.0778062 secs] 1056750K->643731K(2029056K), 0.0787425 secs] [Times: user=0.44 sys=0.06, real=0.08 secs]
执行结束!共生成对象次数:11489
Heap
 par new generation   total 613440K, used 407196K [0x0000000080000000, 0x00000000a9990000, 0x00000000a9990000)
  eden space 545344K,  62% used [0x0000000080000000, 0x0000000094b278e8, 0x00000000a1490000)
  from space 68096K,  99% used [0x00000000a5710000, 0x00000000a998f868, 0x00000000a9990000)
  to   space 68096K,   0% used [0x00000000a1490000, 0x00000000a1490000, 0x00000000a5710000)
 concurrent mark-sweep generation total 1415616K, used 575636K [0x00000000a9990000, 0x0000000100000000, 0x0000000100000000)
 Metaspace       used 2635K, capacity 4486K, committed 4864K, reserved 1056768K
  class space    used 291K, capacity 386K, committed 512K, reserved 1048576K