正在执行...
2022-05-13T14:18:20.960+0800: [GC pause (G1 Evacuation Pause) (young) 12M->3364K(256M), 0.0022594 secs]
2022-05-13T14:18:20.979+0800: [GC pause (G1 Evacuation Pause) (young) 29M->14M(256M), 0.0027817 secs]
2022-05-13T14:18:20.998+0800: [GC pause (G1 Evacuation Pause) (young) 54M->26M(256M), 0.0035365 secs]
2022-05-13T14:18:21.022+0800: [GC pause (G1 Evacuation Pause) (young) 86M->44M(256M), 0.0065123 secs]
2022-05-13T14:18:21.074+0800: [GC pause (G1 Evacuation Pause) (young) 184M->91M(256M), 0.0084579 secs]
2022-05-13T14:18:21.102+0800: [GC pause (G1 Humongous Allocation) (young) (initial-mark) 181M->119M(256M), 0.0090678 secs]
2022-05-13T14:18:21.111+0800: [GC concurrent-root-region-scan-start]
2022-05-13T14:18:21.112+0800: [GC concurrent-root-region-scan-end, 0.0002672 secs]
2022-05-13T14:18:21.112+0800: [GC concurrent-mark-start]
2022-05-13T14:18:21.113+0800: [GC concurrent-mark-end, 0.0008693 secs]
2022-05-13T14:18:21.114+0800: [GC remark, 0.0013331 secs]
2022-05-13T14:18:21.115+0800: [GC cleanup 126M->126M(256M), 0.0010398 secs]
2022-05-13T14:18:21.116+0800: [GC concurrent-cleanup-start]
2022-05-13T14:18:21.117+0800: [GC concurrent-cleanup-end, 0.0001708 secs]
2022-05-13T14:18:21.131+0800: [GC pause (G1 Evacuation Pause) (young)-- 204M->186M(256M), 0.0057128 secs]
2022-05-13T14:18:21.138+0800: [GC pause (G1 Evacuation Pause) (mixed) 190M->186M(256M), 0.0037589 secs]
2022-05-13T14:18:21.142+0800: [GC pause (G1 Humongous Allocation) (young) (initial-mark) 186M->186M(256M), 0.0013817 secs]
2022-05-13T14:18:21.145+0800: [GC concurrent-root-region-scan-start]
2022-05-13T14:18:21.145+0800: [GC concurrent-root-region-scan-end, 0.0002096 secs]
2022-05-13T14:18:21.145+0800: [GC concurrent-mark-start]
2022-05-13T14:18:21.146+0800: [GC concurrent-mark-end, 0.0014972 secs]
2022-05-13T14:18:21.147+0800: [GC remark, 0.0014701 secs]
2022-05-13T14:18:21.149+0800: [GC cleanup 197M->196M(256M), 0.0004956 secs]
2022-05-13T14:18:21.149+0800: [GC concurrent-cleanup-start]
2022-05-13T14:18:21.149+0800: [GC concurrent-cleanup-end, 0.0000751 secs]
2022-05-13T14:18:21.153+0800: [GC pause (G1 Evacuation Pause) (young) 210M->195M(256M), 0.0027962 secs]
2022-05-13T14:18:21.158+0800: [GC pause (G1 Evacuation Pause) (mixed) 207M->176M(256M), 0.0034635 secs]
2022-05-13T14:18:21.164+0800: [GC pause (G1 Evacuation Pause) (mixed) 188M->163M(256M), 0.0033576 secs]
2022-05-13T14:18:21.170+0800: [GC pause (G1 Evacuation Pause) (mixed) 176M->162M(256M), 0.0030474 secs]
2022-05-13T14:18:21.174+0800: [GC pause (G1 Humongous Allocation) (young) (initial-mark) 165M->163M(256M), 0.0018154 secs]
2022-05-13T14:18:21.176+0800: [GC concurrent-root-region-scan-start]
2022-05-13T14:18:21.176+0800: [GC concurrent-root-region-scan-end, 0.0004710 secs]
2022-05-13T14:18:21.177+0800: [GC concurrent-mark-start]
2022-05-13T14:18:21.178+0800: [GC concurrent-mark-end, 0.0012636 secs]
2022-05-13T14:18:21.179+0800: [GC remark, 0.0011715 secs]
2022-05-13T14:18:21.180+0800: [GC cleanup 177M->177M(256M), 0.0012383 secs]
2022-05-13T14:18:21.187+0800: [GC pause (G1 Evacuation Pause) (young) 205M->178M(256M), 0.0034581 secs]
2022-05-13T14:18:21.194+0800: [GC pause (G1 Evacuation Pause) (mixed) 188M->173M(256M), 0.0049161 secs]
2022-05-13T14:18:21.199+0800: [GC pause (G1 Humongous Allocation) (young) (initial-mark) 173M->173M(256M), 0.0013250 secs]
2022-05-13T14:18:21.200+0800: [GC concurrent-root-region-scan-start]
2022-05-13T14:18:21.201+0800: [GC concurrent-root-region-scan-end, 0.0002327 secs]
2022-05-13T14:18:21.201+0800: [GC concurrent-mark-start]
2022-05-13T14:18:21.202+0800: [GC concurrent-mark-end, 0.0013172 secs]
2022-05-13T14:18:21.202+0800: [GC remark, 0.0011334 secs]
2022-05-13T14:18:21.204+0800: [GC cleanup 180M->180M(256M), 0.0004940 secs]
2022-05-13T14:18:21.209+0800: [GC pause (G1 Evacuation Pause) (young) 204M->183M(256M), 0.0028951 secs]
2022-05-13T14:18:21.214+0800: [GC pause (G1 Evacuation Pause) (mixed) 194M->179M(256M), 0.0036032 secs]
2022-05-13T14:18:21.218+0800: [GC pause (G1 Humongous Allocation) (young) (initial-mark) 181M->180M(256M), 0.0018141 secs]
2022-05-13T14:18:21.220+0800: [GC concurrent-root-region-scan-start]
2022-05-13T14:18:21.221+0800: [GC concurrent-root-region-scan-end, 0.0003423 secs]
2022-05-13T14:18:21.221+0800: [GC concurrent-mark-start]
2022-05-13T14:18:21.222+0800: [GC concurrent-mark-end, 0.0015008 secs]
2022-05-13T14:18:21.224+0800: [GC remark, 0.0014992 secs]
2022-05-13T14:18:21.225+0800: [GC cleanup 196M->196M(256M), 0.0008470 secs]
2022-05-13T14:18:21.227+0800: [GC pause (G1 Evacuation Pause) (young) 203M->187M(256M), 0.0022425 secs]
2022-05-13T14:18:21.232+0800: [GC pause (G1 Evacuation Pause) (mixed) 201M->186M(256M), 0.0041322 secs]
2022-05-13T14:18:21.236+0800: [GC pause (G1 Humongous Allocation) (young) (initial-mark) 186M->186M(256M), 0.0012769 secs]
2022-05-13T14:18:21.238+0800: [GC concurrent-root-region-scan-start]
2022-05-13T14:18:21.238+0800: [GC concurrent-root-region-scan-end, 0.0008403 secs]
2022-05-13T14:18:21.239+0800: [GC concurrent-mark-start]
2022-05-13T14:18:21.240+0800: [GC concurrent-mark-end, 0.0011662 secs]
2022-05-13T14:18:21.240+0800: [GC remark, 0.0014181 secs]
2022-05-13T14:18:21.242+0800: [GC cleanup 199M->199M(256M), 0.0007411 secs]
2022-05-13T14:18:21.244+0800: [GC pause (G1 Evacuation Pause) (young) 203M->192M(256M), 0.0016746 secs]
2022-05-13T14:18:21.247+0800: [GC pause (G1 Evacuation Pause) (mixed) 202M->191M(256M), 0.0025871 secs]
2022-05-13T14:18:21.251+0800: [GC pause (G1 Humongous Allocation) (young) (initial-mark) 193M->191M(256M), 0.0012877 secs]
2022-05-13T14:18:21.252+0800: [GC concurrent-root-region-scan-start]
2022-05-13T14:18:21.252+0800: [GC concurrent-root-region-scan-end, 0.0001639 secs]
2022-05-13T14:18:21.252+0800: [GC concurrent-mark-start]
2022-05-13T14:18:21.253+0800: [GC concurrent-mark-end, 0.0010720 secs]
2022-05-13T14:18:21.254+0800: [GC remark, 0.0039274 secs]
2022-05-13T14:18:21.258+0800: [GC cleanup 199M->199M(256M), 0.0081743 secs]
2022-05-13T14:18:21.268+0800: [GC pause (G1 Evacuation Pause) (young) 206M->197M(256M), 0.0042525 secs]
2022-05-13T14:18:21.275+0800: [GC pause (G1 Evacuation Pause) (mixed) 208M->196M(256M), 0.0051203 secs]
2022-05-13T14:18:21.284+0800: [GC pause (G1 Humongous Allocation) (young) (initial-mark) 204M->198M(256M), 0.0053502 secs]
2022-05-13T14:18:21.290+0800: [GC concurrent-root-region-scan-start]
2022-05-13T14:18:21.291+0800: [GC concurrent-root-region-scan-end, 0.0010878 secs]
2022-05-13T14:18:21.302+0800: [GC pause (G1 Evacuation Pause) (young)2022-05-13T14:18:21.303+0800: [GC concurrent-mark-start]
 210M->201M(256M), 0.0126838 secs]
2022-05-13T14:18:21.316+0800: [GC concurrent-mark-end, 0.0128141 secs]
2022-05-13T14:18:21.319+0800: [GC pause (G1 Evacuation Pause) (young) 213M->204M(256M), 0.0126806 secs]
2022-05-13T14:18:21.333+0800: [GC remark, 0.0015557 secs]
2022-05-13T14:18:21.335+0800: [GC cleanup 205M->205M(256M), 0.0094777 secs]
2022-05-13T14:18:21.349+0800: [GC pause (G1 Evacuation Pause) (young) 215M->207M(256M), 0.0033536 secs]
2022-05-13T14:18:21.355+0800: [GC pause (G1 Evacuation Pause) (mixed)-- 219M->222M(256M), 0.0053101 secs]
2022-05-13T14:18:21.361+0800: [GC pause (G1 Humongous Allocation) (young) (initial-mark)-- 227M->227M(256M), 0.0088943 secs]
2022-05-13T14:18:21.371+0800: [GC concurrent-root-region-scan-start]
2022-05-13T14:18:21.371+0800: 2022-05-13T14:18:21.371+0800: [GC pause (G1 Evacuation Pause) (young)[GC concurrent-root-region-scan-end, 0.0006193 secs]
2022-05-13T14:18:21.384+0800: [GC concurrent-mark-start]
 227M->227M(256M), 0.0141835 secs]
2022-05-13T14:18:21.387+0800: [GC pause (G1 Evacuation Pause) (young) 227M->227M(256M), 0.0124580 secs]
2022-05-13T14:18:21.400+0800: [Full GC (Allocation Failure)  227M->181M(256M), 0.0403271 secs]
2022-05-13T14:18:21.440+0800: [GC concurrent-mark-abort]
2022-05-13T14:18:21.441+0800: [GC pause (G1 Humongous Allocation) (young) (initial-mark) 187M->181M(256M), 0.0016109 secs]
2022-05-13T14:18:21.444+0800: [GC concurrent-root-region-scan-start]
2022-05-13T14:18:21.445+0800: [GC concurrent-root-region-scan-end, 0.0008826 secs]
2022-05-13T14:18:21.445+0800: [GC concurrent-mark-start]
2022-05-13T14:18:21.447+0800: [GC pause (G1 Evacuation Pause) (young) 197M->188M(256M), 0.0023023 secs]
2022-05-13T14:18:21.452+0800: 2022-05-13T14:18:21.455+0800: [GC pause (G1 Evacuation Pause) (young)[GC concurrent-mark-end, 0.0059692 secs]
 200M->191M(256M), 0.0041973 secs]
2022-05-13T14:18:21.457+0800: [GC remark, 0.0017108 secs]
2022-05-13T14:18:21.580+0800: [GC cleanup 192M->192M(256M), 0.0032906 secs]
2022-05-13T14:18:21.585+0800: [GC pause (G1 Evacuation Pause) (young) 204M->195M(256M), 0.0024914 secs]
2022-05-13T14:18:21.589+0800: [GC pause (G1 Humongous Allocation) (young) (initial-mark) 199M->196M(256M), 0.0028462 secs]
2022-05-13T14:18:21.592+0800: [GC concurrent-root-region-scan-start]
2022-05-13T14:18:21.592+0800: [GC concurrent-root-region-scan-end, 0.0006645 secs]
2022-05-13T14:18:21.593+0800: [GC concurrent-mark-start]
2022-05-13T14:18:21.594+0800: [GC pause (G1 Evacuation Pause) (young)-- 207M->203M(256M), 0.0075414 secs]
2022-05-13T14:18:21.603+0800: [GC pause (G1 Humongous Allocation) (young)-- 208M->206M(256M), 0.0076160 secs]
2022-05-13T14:18:21.615+0800: [GC pause (G1 Evacuation Pause) (young)-- 208M->208M(256M), 0.0024544 secs]
2022-05-13T14:18:21.617+0800: [GC concurrent-mark-end, 0.0233183 secs]
2022-05-13T14:18:21.624+0800: [GC pause (G1 Evacuation Pause) (young)-- 209M->208M(256M), 0.0097189 secs]
2022-05-13T14:18:21.631+0800: [GC remark, 0.0014319 secs]
2022-05-13T14:18:21.633+0800: [GC cleanup 208M->208M(256M), 0.0119656 secs]
2022-05-13T14:18:21.646+0800: [GC pause (G1 Evacuation Pause) (young)-- 209M->209M(256M), 0.0084610 secs]
2022-05-13T14:18:21.655+0800: [Full GC (Allocation Failure)  209M->190M(256M), 0.0358938 secs]
2022-05-13T14:18:21.691+0800: [GC pause (G1 Humongous Allocation) (young) (initial-mark) 191M->190M(256M), 0.0012662 secs]
2022-05-13T14:18:21.693+0800: [GC concurrent-root-region-scan-start]
2022-05-13T14:18:21.694+0800: [GC concurrent-root-region-scan-end, 0.0009774 secs]
2022-05-13T14:18:21.694+0800: [GC concurrent-mark-start]
2022-05-13T14:18:21.697+0800: [GC pause (G1 Evacuation Pause) (young)-- 205M->199M(256M), 0.0041535 secs]
2022-05-13T14:18:21.702+0800: [GC concurrent-mark-end, 0.0077182 secs]
2022-05-13T14:18:21.704+0800: [GC pause (G1 Evacuation Pause) (young)-- 208M->208M(256M), 0.0042576 secs]
2022-05-13T14:18:21.708+0800: [Full GC (Allocation Failure)  208M->192M(256M), 0.0419002 secs]
2022-05-13T14:18:21.751+0800: [GC remark, 0.0020079 secs]
2022-05-13T14:18:21.753+0800: [GC concurrent-mark-abort]
2022-05-13T14:18:21.754+0800: [GC pause (G1 Humongous Allocation) (young) (initial-mark) 198M->193M(256M), 0.0010242 secs]
2022-05-13T14:18:21.755+0800: [GC concurrent-root-region-scan-start]
2022-05-13T14:18:21.756+0800: [GC concurrent-root-region-scan-end, 0.0005848 secs]
2022-05-13T14:18:21.757+0800: [GC concurrent-mark-start]
2022-05-13T14:18:21.757+0800: [GC pause (G1 Humongous Allocation) (young)-- 205M->204M(256M), 0.0012061 secs]
2022-05-13T14:18:21.759+0800: [GC pause (G1 Humongous Allocation) (young)-- 206M->205M(256M), 0.0009005 secs]
2022-05-13T14:18:21.760+0800: [GC pause (G1 Evacuation Pause) (young) 206M->205M(256M), 0.0017828 secs]
2022-05-13T14:18:21.762+0800: [GC pause (G1 Humongous Allocation) (young)-- 206M->206M(256M), 0.0009479 secs]
2022-05-13T14:18:21.764+0800: [Full GC (Allocation Failure)  206M->194M(256M), 0.0344271 secs]
2022-05-13T14:18:21.798+0800: [GC concurrent-mark-abort]
2022-05-13T14:18:21.801+0800: [GC pause (G1 Humongous Allocation) (young)-- 204M->202M(256M), 0.0029129 secs]
2022-05-13T14:18:21.804+0800: [GC pause (G1 Evacuation Pause) (young)-- 204M->203M(256M), 0.0014468 secs]
2022-05-13T14:18:21.806+0800: [GC pause (G1 Evacuation Pause) (young) (initial-mark)-- 204M->204M(256M), 0.0010917 secs]
2022-05-13T14:18:21.808+0800: [GC concurrent-root-region-scan-start]
2022-05-13T14:18:21.808+0800: [GC concurrent-root-region-scan-end, 0.0004830 secs]
2022-05-13T14:18:21.808+0800: [GC concurrent-mark-start]
2022-05-13T14:18:21.808+0800: [Full GC (Allocation Failure)  204M->197M(256M), 0.0370774 secs]
2022-05-13T14:18:21.846+0800: [GC concurrent-mark-abort]
2022-05-13T14:18:21.852+0800: [GC pause (G1 Evacuation Pause) (young)-- 202M->202M(256M), 0.0061768 secs]
2022-05-13T14:18:21.854+0800: [Full GC (Allocation Failure)  202M->197M(256M), 0.0341100 secs]
2022-05-13T14:18:21.890+0800: [GC pause (G1 Humongous Allocation) (young) (initial-mark)-- 202M->201M(256M), 0.0028241 secs]
2022-05-13T14:18:21.893+0800: [GC concurrent-root-region-scan-start]
2022-05-13T14:18:21.893+0800: 2022-05-13T14:18:21.893+0800: [GC pause (G1 Evacuation Pause) (young)[GC concurrent-root-region-scan-end, 0.0004843 secs]
2022-05-13T14:18:21.895+0800: [GC concurrent-mark-start]
-- 203M->202M(256M), 0.0042898 secs]
2022-05-13T14:18:21.901+0800: [GC pause (G1 Evacuation Pause) (young)-- 203M->203M(256M), 0.0016487 secs]
2022-05-13T14:18:21.903+0800: [Full GC (Allocation Failure)  203M->197M(256M), 0.0345129 secs]
2022-05-13T14:18:21.937+0800: [GC concurrent-mark-abort]
2022-05-13T14:18:21.938+0800: [GC pause (G1 Humongous Allocation) (young)-- 200M->199M(256M), 0.0019753 secs]
执行结束!共生成对象次数:3317