正在执行...
2022-05-13T14:19:18.208+0800: [GC pause (G1 Evacuation Pause) (young) 30M->12M(512M), 0.0048800 secs]
2022-05-13T14:19:18.222+0800: [GC pause (G1 Evacuation Pause) (young) 43M->22M(512M), 0.0049193 secs]
2022-05-13T14:19:18.238+0800: [GC pause (G1 Evacuation Pause) (young) 65M->35M(512M), 0.0053153 secs]
2022-05-13T14:19:18.352+0800: [GC pause (G1 Evacuation Pause) (young) 318M->126M(512M), 0.0152008 secs]
2022-05-13T14:19:18.379+0800: [GC pause (G1 Evacuation Pause) (young) 186M->142M(512M), 0.0098935 secs]
2022-05-13T14:19:18.431+0800: [GC pause (G1 Evacuation Pause) (young) 326M->194M(512M), 0.0114462 secs]
2022-05-13T14:19:18.460+0800: [GC pause (G1 Humongous Allocation) (young) (initial-mark) 291M->223M(512M), 0.0099122 secs]
2022-05-13T14:19:18.471+0800: [GC concurrent-root-region-scan-start]
2022-05-13T14:19:18.471+0800: [GC concurrent-root-region-scan-end, 0.0003561 secs]
2022-05-13T14:19:18.471+0800: [GC concurrent-mark-start]
2022-05-13T14:19:18.473+0800: [GC concurrent-mark-end, 0.0019976 secs]
2022-05-13T14:19:18.473+0800: [GC remark, 0.0013121 secs]
2022-05-13T14:19:18.475+0800: [GC cleanup 235M->235M(512M), 0.0010794 secs]
2022-05-13T14:19:18.507+0800: [GC pause (G1 Evacuation Pause) (young)-- 419M->347M(512M), 0.0084973 secs]
2022-05-13T14:19:18.517+0800: [GC pause (G1 Evacuation Pause) (mixed) 352M->330M(512M), 0.0069184 secs]
2022-05-13T14:19:18.525+0800: [GC pause (G1 Humongous Allocation) (young) (initial-mark) 332M->331M(512M), 0.0032644 secs]
2022-05-13T14:19:18.528+0800: [GC concurrent-root-region-scan-start]
2022-05-13T14:19:18.529+0800: [GC concurrent-root-region-scan-end, 0.0003333 secs]
2022-05-13T14:19:18.529+0800: [GC concurrent-mark-start]
2022-05-13T14:19:18.530+0800: [GC concurrent-mark-end, 0.0015442 secs]
2022-05-13T14:19:18.531+0800: [GC remark, 0.0018368 secs]
2022-05-13T14:19:18.533+0800: [GC cleanup 346M->346M(512M), 0.0017170 secs]
2022-05-13T14:19:18.546+0800: [GC pause (G1 Evacuation Pause) (young) 417M->355M(512M), 0.0058341 secs]
2022-05-13T14:19:18.555+0800: [GC pause (G1 Evacuation Pause) (mixed) 374M->314M(512M), 0.0063502 secs]
2022-05-13T14:19:18.566+0800: [GC pause (G1 Evacuation Pause) (mixed) 338M->283M(512M), 0.0073433 secs]
2022-05-13T14:19:18.577+0800: [GC pause (G1 Evacuation Pause) (mixed) 308M->279M(512M), 0.0058963 secs]
2022-05-13T14:19:18.584+0800: [GC pause (G1 Humongous Allocation) (young) (initial-mark) 280M->279M(512M), 0.0027299 secs]
2022-05-13T14:19:18.587+0800: [GC concurrent-root-region-scan-start]
2022-05-13T14:19:18.587+0800: [GC concurrent-root-region-scan-end, 0.0003698 secs]
2022-05-13T14:19:18.587+0800: [GC concurrent-mark-start]
2022-05-13T14:19:18.589+0800: [GC concurrent-mark-end, 0.0015119 secs]
2022-05-13T14:19:18.589+0800: [GC remark, 0.0014045 secs]
2022-05-13T14:19:18.591+0800: [GC cleanup 292M->292M(512M), 0.0005624 secs]
2022-05-13T14:19:18.616+0800: [GC pause (G1 Evacuation Pause) (young) 415M->316M(512M), 0.0085671 secs]
2022-05-13T14:19:18.627+0800: [GC pause (G1 Evacuation Pause) (mixed) 330M->299M(512M), 0.0087762 secs]
2022-05-13T14:19:18.637+0800: [GC pause (G1 Humongous Allocation) (young) (initial-mark) 302M->301M(512M), 0.0019962 secs]
2022-05-13T14:19:18.639+0800: [GC concurrent-root-region-scan-start]
2022-05-13T14:19:18.639+0800: [GC concurrent-root-region-scan-end, 0.0003961 secs]
2022-05-13T14:19:18.640+0800: [GC concurrent-mark-start]
2022-05-13T14:19:18.641+0800: [GC concurrent-mark-end, 0.0018120 secs]
2022-05-13T14:19:18.642+0800: [GC remark, 0.0020349 secs]
2022-05-13T14:19:18.644+0800: [GC cleanup 316M->316M(512M), 0.0012563 secs]
2022-05-13T14:19:18.661+0800: [GC pause (G1 Evacuation Pause) (young) 402M->326M(512M), 0.0066674 secs]
2022-05-13T14:19:18.671+0800: [GC pause (G1 Evacuation Pause) (mixed) 344M->309M(512M), 0.0080947 secs]
2022-05-13T14:19:18.679+0800: [GC pause (G1 Humongous Allocation) (young) (initial-mark) 310M->309M(512M), 0.0024697 secs]
2022-05-13T14:19:18.682+0800: [GC concurrent-root-region-scan-start]
2022-05-13T14:19:18.682+0800: [GC concurrent-root-region-scan-end, 0.0002182 secs]
2022-05-13T14:19:18.682+0800: [GC concurrent-mark-start]
2022-05-13T14:19:18.683+0800: [GC concurrent-mark-end, 0.0014588 secs]
2022-05-13T14:19:18.684+0800: [GC remark, 0.0016609 secs]
2022-05-13T14:19:18.686+0800: [GC cleanup 322M->322M(512M), 0.0007705 secs]
2022-05-13T14:19:18.701+0800: [GC pause (G1 Evacuation Pause) (young) 406M->334M(512M), 0.0068559 secs]
2022-05-13T14:19:18.711+0800: [GC pause (G1 Evacuation Pause) (mixed) 353M->320M(512M), 0.0080694 secs]
2022-05-13T14:19:18.720+0800: [GC pause (G1 Humongous Allocation) (young) (initial-mark) 321M->321M(512M), 0.0021548 secs]
2022-05-13T14:19:18.722+0800: [GC concurrent-root-region-scan-start]
2022-05-13T14:19:18.723+0800: [GC concurrent-root-region-scan-end, 0.0003210 secs]
2022-05-13T14:19:18.723+0800: [GC concurrent-mark-start]
2022-05-13T14:19:18.725+0800: [GC concurrent-mark-end, 0.0019625 secs]
2022-05-13T14:19:18.725+0800: [GC remark, 0.0020431 secs]
2022-05-13T14:19:18.728+0800: [GC cleanup 339M->339M(512M), 0.0006779 secs]
2022-05-13T14:19:18.744+0800: [GC pause (G1 Evacuation Pause) (young) 411M->347M(512M), 0.0059740 secs]
2022-05-13T14:19:18.754+0800: [GC pause (G1 Evacuation Pause) (mixed) 364M->331M(512M), 0.0079326 secs]
2022-05-13T14:19:18.763+0800: [GC pause (G1 Humongous Allocation) (young) (initial-mark) 337M->332M(512M), 0.0019820 secs]
2022-05-13T14:19:18.765+0800: [GC concurrent-root-region-scan-start]
2022-05-13T14:19:18.765+0800: [GC concurrent-root-region-scan-end, 0.0002925 secs]
2022-05-13T14:19:18.765+0800: [GC concurrent-mark-start]
2022-05-13T14:19:18.768+0800: [GC concurrent-mark-end, 0.0023841 secs]
2022-05-13T14:19:18.769+0800: [GC remark, 0.0014743 secs]
2022-05-13T14:19:18.771+0800: [GC cleanup 347M->347M(512M), 0.0006311 secs]
2022-05-13T14:19:18.771+0800: [GC concurrent-cleanup-start]
2022-05-13T14:19:18.772+0800: [GC concurrent-cleanup-end, 0.0001735 secs]
2022-05-13T14:19:18.784+0800: [GC pause (G1 Evacuation Pause) (young) 402M->352M(512M), 0.0076661 secs]
2022-05-13T14:19:18.796+0800: [GC pause (G1 Evacuation Pause) (mixed) 372M->338M(512M), 0.0131669 secs]
2022-05-13T14:19:18.811+0800: [GC pause (G1 Humongous Allocation) (young) (initial-mark) 342M->340M(512M), 0.0039789 secs]
2022-05-13T14:19:18.816+0800: [GC concurrent-root-region-scan-start]
2022-05-13T14:19:18.816+0800: [GC concurrent-root-region-scan-end, 0.0006198 secs]
2022-05-13T14:19:18.817+0800: [GC concurrent-mark-start]
2022-05-13T14:19:18.821+0800: [GC concurrent-mark-end, 0.0043431 secs]
2022-05-13T14:19:18.822+0800: [GC remark, 0.0017160 secs]
2022-05-13T14:19:18.824+0800: [GC cleanup 365M->365M(512M), 0.0008478 secs]
2022-05-13T14:19:18.832+0800: [GC pause (G1 Evacuation Pause) (young) 397M->360M(512M), 0.0080201 secs]
2022-05-13T14:19:18.847+0800: [GC pause (G1 Evacuation Pause) (mixed) 384M->349M(512M), 0.0103492 secs]
2022-05-13T14:19:18.858+0800: [GC pause (G1 Humongous Allocation) (young) (initial-mark) 350M->350M(512M), 0.0049255 secs]
2022-05-13T14:19:18.864+0800: [GC concurrent-root-region-scan-start]
2022-05-13T14:19:18.866+0800: [GC concurrent-root-region-scan-end, 0.0016877 secs]
2022-05-13T14:19:18.878+0800: 2022-05-13T14:19:18.878+0800: [GC concurrent-mark-start]
[GC pause (G1 Evacuation Pause) (young) 394M->363M(512M), 0.0168242 secs]
2022-05-13T14:19:18.896+0800: [GC concurrent-mark-end, 0.0176480 secs]
2022-05-13T14:19:18.896+0800: [GC remark, 0.0100045 secs]
2022-05-13T14:19:18.907+0800: [GC cleanup 372M->372M(512M), 0.0038624 secs]
2022-05-13T14:19:18.918+0800: [GC pause (G1 Evacuation Pause) (young) 401M->371M(512M), 0.0051516 secs]
2022-05-13T14:19:18.929+0800: [GC pause (G1 Evacuation Pause) (mixed) 394M->359M(512M), 0.0106989 secs]
2022-05-13T14:19:18.942+0800: [GC pause (G1 Humongous Allocation) (young) (initial-mark) 361M->360M(512M), 0.0031242 secs]
2022-05-13T14:19:18.946+0800: [GC concurrent-root-region-scan-start]
2022-05-13T14:19:18.952+0800: [GC concurrent-root-region-scan-end, 0.0060989 secs]
2022-05-13T14:19:18.952+0800: [GC concurrent-mark-start]
2022-05-13T14:19:18.958+0800: [GC pause (G1 Evacuation Pause) (young) 399M->369M(512M), 0.0040244 secs]
2022-05-13T14:19:18.964+0800: [GC concurrent-mark-end, 0.0118105 secs]
2022-05-13T14:19:18.968+0800: [GC remark, 0.0044944 secs]
2022-05-13T14:19:18.972+0800: [GC cleanup 392M->392M(512M), 0.0008178 secs]
2022-05-13T14:19:18.976+0800: [GC pause (G1 Evacuation Pause) (young) 400M->376M(512M), 0.0074894 secs]
2022-05-13T14:19:18.990+0800: [GC pause (G1 Evacuation Pause) (mixed) 406M->364M(512M), 0.0085338 secs]
2022-05-13T14:19:19.005+0800: [GC pause (G1 Evacuation Pause) (mixed) 389M->369M(512M), 0.0093467 secs]
2022-05-13T14:19:19.015+0800: [GC pause (G1 Humongous Allocation) (young) (initial-mark) 370M->369M(512M), 0.0034200 secs]
2022-05-13T14:19:19.018+0800: [GC concurrent-root-region-scan-start]
2022-05-13T14:19:19.027+0800: 2022-05-13T14:19:19.027+0800: [GC pause (G1 Evacuation Pause) (young)[GC concurrent-root-region-scan-end, 0.0086358 secs]
2022-05-13T14:19:19.027+0800: [GC concurrent-mark-start]
 403M->376M(512M), 0.0036930 secs]
2022-05-13T14:19:19.038+0800: 2022-05-13T14:19:19.043+0800: [GC pause (G1 Evacuation Pause) (young)[GC concurrent-mark-end, 0.0103536 secs]
 402M->380M(512M), 0.0047677 secs]
2022-05-13T14:19:19.046+0800: [GC remark, 0.0020167 secs]
2022-05-13T14:19:19.050+0800: [GC cleanup 381M->381M(512M), 0.0091470 secs]
2022-05-13T14:19:19.064+0800: [GC pause (G1 Evacuation Pause) (young) 406M->387M(512M), 0.0049337 secs]
2022-05-13T14:19:19.076+0800: [GC pause (G1 Evacuation Pause) (mixed) 409M->366M(512M), 0.0088316 secs]
2022-05-13T14:19:19.091+0800: [GC pause (G1 Evacuation Pause) (mixed) 390M->368M(512M), 0.0064210 secs]
2022-05-13T14:19:19.102+0800: [GC pause (G1 Humongous Allocation) (young) (initial-mark) 375M->369M(512M), 0.0028017 secs]
2022-05-13T14:19:19.105+0800: [GC concurrent-root-region-scan-start]
2022-05-13T14:19:19.110+0800: [GC concurrent-root-region-scan-end, 0.0057265 secs]
2022-05-13T14:19:19.111+0800: [GC concurrent-mark-start]
2022-05-13T14:19:19.112+0800: [GC pause (G1 Evacuation Pause) (young) 402M->379M(512M), 0.0071330 secs]
2022-05-13T14:19:19.123+0800: [GC concurrent-mark-end, 0.0118288 secs]
2022-05-13T14:19:19.126+0800: [GC remark, 0.0048290 secs]
2022-05-13T14:19:19.131+0800: [GC cleanup 403M->403M(512M), 0.0008631 secs]
2022-05-13T14:19:19.133+0800: [GC pause (G1 Evacuation Pause) (young) 404M->390M(512M), 0.0117074 secs]
2022-05-13T14:19:19.154+0800: [GC pause (G1 Evacuation Pause) (mixed)-- 415M->389M(512M), 0.0103731 secs]
2022-05-13T14:19:19.171+0800: [GC pause (G1 Evacuation Pause) (mixed) 414M->390M(512M), 0.0099891 secs]
2022-05-13T14:19:19.182+0800: [GC pause (G1 Humongous Allocation) (young) (initial-mark) 390M->389M(512M), 0.0052097 secs]
2022-05-13T14:19:19.187+0800执行结束!共生成对象次数:8214:
[GC concurrent-root-region-scan-start]
2022-05-13T14:19:19.190+0800: [GC concurrent-root-region-scan-end, 0.0025278 secs]
2022-05-13T14:19:19.197+0800: [GC concurrent-mark-start]
2022-05-13T14:19:19.201+0800: [GC concurrent-mark-end, 0.0031634 secs]
2022-05-13T14:19:19.201+0800: [GC remark, 0.0027651 secs]
2022-05-13T14:19:19.206+0800: [GC cleanup 391M->390M(512M), 0.0010231 secs]
2022-05-13T14:19:19.207+0800: [GC concurrent-cleanup-start]
2022-05-13T14:19:19.214+0800: [GC concurrent-cleanup-end, 0.0069246 secs]