正在执行...
2022-05-13T14:20:39.310+0800: [GC pause (G1 Evacuation Pause) (young) 204M->66M(4096M), 0.0132736 secs]
2022-05-13T14:20:39.354+0800: [GC pause (G1 Evacuation Pause) (young) 244M->123M(4096M), 0.0161062 secs]
2022-05-13T14:20:39.399+0800: [GC pause (G1 Evacuation Pause) (young) 301M->188M(4096M), 0.0163609 secs]
2022-05-13T14:20:39.447+0800: [GC pause (G1 Evacuation Pause) (young) 366M->241M(4096M), 0.0149496 secs]
2022-05-13T14:20:39.491+0800: [GC pause (G1 Evacuation Pause) (young) 419M->295M(4096M), 0.0148155 secs]
2022-05-13T14:20:39.533+0800: [GC pause (G1 Evacuation Pause) (young) 473M->355M(4096M), 0.0156303 secs]
2022-05-13T14:20:39.576+0800: [GC pause (G1 Evacuation Pause) (young) 533M->411M(4096M), 0.0151350 secs]
2022-05-13T14:20:39.625+0800: [GC pause (G1 Evacuation Pause) (young) 619M->478M(4096M), 0.0184045 secs]
2022-05-13T14:20:39.678+0800: [GC pause (G1 Evacuation Pause) (young) 708M->547M(4096M), 0.0185971 secs]
2022-05-13T14:20:39.757+0800: [GC pause (G1 Evacuation Pause) (young) 859M->638M(4096M), 0.0284043 secs]
2022-05-13T14:20:39.837+0800: [GC pause (G1 Evacuation Pause) (young) 964M->740M(4096M), 0.0340838 secs]
2022-05-13T14:20:39.939+0800: [GC pause (G1 Evacuation Pause) (young) 1122M->837M(4096M), 0.0357592 secs]
2022-05-13T14:20:40.074+0800: [GC pause (G1 Evacuation Pause) (young) 1335M->954M(4096M), 0.0443235 secs]
执行结束!共生成对象次数:13814