正在执行...
2022-05-13T14:20:02.949+0800: [GC pause (G1 Evacuation Pause) (young) 65M->23M(1024M), 0.0060132 secs]
2022-05-13T14:20:02.969+0800: [GC pause (G1 Evacuation Pause) (young) 78M->45M(1024M), 0.0063261 secs]
2022-05-13T14:20:02.992+0800: [GC pause (G1 Evacuation Pause) (young) 106M->63M(1024M), 0.0067168 secs]
2022-05-13T14:20:03.021+0800: [GC pause (G1 Evacuation Pause) (young) 141M->90M(1024M), 0.0068949 secs]
2022-05-13T14:20:03.065+0800: [GC pause (G1 Evacuation Pause) (young) 222M->135M(1024M), 0.0098426 secs]
2022-05-13T14:20:03.101+0800: [GC pause (G1 Evacuation Pause) (young) 264M->167M(1024M), 0.0094465 secs]
2022-05-13T14:20:03.170+0800: [GC pause (G1 Evacuation Pause) (young) 386M->232M(1024M), 0.0130103 secs]
2022-05-13T14:20:03.324+0800: [GC pause (G1 Evacuation Pause) (young) 723M->354M(1024M), 0.0255067 secs]
2022-05-13T14:20:03.384+0800: [GC pause (G1 Evacuation Pause) (young) 548M->394M(1024M), 0.0175341 secs]
2022-05-13T14:20:03.427+0800: [GC pause (G1 Humongous Allocation) (young) (initial-mark) 554M->434M(1024M), 0.0119462 secs]
2022-05-13T14:20:03.439+0800: [GC concurrent-root-region-scan-start]
2022-05-13T14:20:03.440+0800: [GC concurrent-root-region-scan-end, 0.0002250 secs]
2022-05-13T14:20:03.440+0800: [GC concurrent-mark-start]
2022-05-13T14:20:03.442+0800: [GC concurrent-mark-end, 0.0021439 secs]
2022-05-13T14:20:03.442+0800: [GC remark, 0.0014694 secs]
2022-05-13T14:20:03.444+0800: [GC cleanup 450M->429M(1024M), 0.0008930 secs]
2022-05-13T14:20:03.445+0800: [GC concurrent-cleanup-start]
2022-05-13T14:20:03.445+0800: [GC concurrent-cleanup-end, 0.0002332 secs]
2022-05-13T14:20:03.521+0800: [GC pause (G1 Evacuation Pause) (young) 815M->506M(1024M), 0.0204761 secs]
2022-05-13T14:20:03.543+0800: [GC pause (G1 Evacuation Pause) (mixed) 515M->424M(1024M), 0.0122610 secs]
2022-05-13T14:20:03.556+0800: [GC pause (G1 Humongous Allocation) (young) (initial-mark) 425M->424M(1024M), 0.0017512 secs]
2022-05-13T14:20:03.558+0800: [GC concurrent-root-region-scan-start]
2022-05-13T14:20:03.558+0800: [GC concurrent-root-region-scan-end, 0.0001581 secs]
2022-05-13T14:20:03.558+0800: [GC concurrent-mark-start]
2022-05-13T14:20:03.560+0800: [GC concurrent-mark-end, 0.0016500 secs]
2022-05-13T14:20:03.560+0800: [GC remark, 0.0014512 secs]
2022-05-13T14:20:03.561+0800: [GC cleanup 436M->431M(1024M), 0.0019306 secs]
2022-05-13T14:20:03.563+0800: [GC concurrent-cleanup-start]
2022-05-13T14:20:03.564+0800: [GC concurrent-cleanup-end, 0.0001336 secs]
2022-05-13T14:20:03.634+0800: [GC pause (G1 Evacuation Pause) (young)-- 859M->639M(1024M), 0.0122781 secs]
2022-05-13T14:20:03.649+0800: [GC pause (G1 Evacuation Pause) (mixed) 651M->583M(1024M), 0.0123940 secs]
2022-05-13T14:20:03.664+0800: [GC pause (G1 Humongous Allocation) (young) (initial-mark) 594M->587M(1024M), 0.0021370 secs]
2022-05-13T14:20:03.666+0800: [GC concurrent-root-region-scan-start]
2022-05-13T14:20:03.667+0800: [GC concurrent-root-region-scan-end, 0.0002339 secs]
2022-05-13T14:20:03.667+0800: [GC concurrent-mark-start]
2022-05-13T14:20:03.669+0800: [GC concurrent-mark-end, 0.0024191 secs]
2022-05-13T14:20:03.669+0800: [GC remark, 0.0015977 secs]
2022-05-13T14:20:03.671+0800: [GC cleanup 597M->590M(1024M), 0.0007497 secs]
2022-05-13T14:20:03.672+0800: [GC concurrent-cleanup-start]
2022-05-13T14:20:03.672+0800: [GC concurrent-cleanup-end, 0.0000942 secs]
2022-05-13T14:20:03.720+0800: [GC pause (G1 Evacuation Pause) (young) 855M->642M(1024M), 0.0124199 secs]
2022-05-13T14:20:03.738+0800: [GC pause (G1 Evacuation Pause) (mixed) 673M->551M(1024M), 0.0088329 secs]
2022-05-13T14:20:03.757+0800: [GC pause (G1 Evacuation Pause) (mixed) 607M->487M(1024M), 0.0103508 secs]
2022-05-13T14:20:03.777+0800: [GC pause (G1 Evacuation Pause) (mixed) 540M->462M(1024M), 0.0084104 secs]
2022-05-13T14:20:03.787+0800: [GC pause (G1 Humongous Allocation) (young) (initial-mark) 472M->463M(1024M), 0.0027087 secs]
2022-05-13T14:20:03.790+0800: [GC concurrent-root-region-scan-start]
2022-05-13T14:20:03.790+0800: [GC concurrent-root-region-scan-end, 0.0001648 secs]
2022-05-13T14:20:03.790+0800: [GC concurrent-mark-start]
2022-05-13T14:20:03.792+0800: [GC concurrent-mark-end, 0.0018801 secs]
2022-05-13T14:20:03.792+0800: [GC remark, 0.0014408 secs]
2022-05-13T14:20:03.794+0800: [GC cleanup 478M->475M(1024M), 0.0006281 secs]
2022-05-13T14:20:03.794+0800: [GC concurrent-cleanup-start]
2022-05-13T14:20:03.794+0800: [GC concurrent-cleanup-end, 0.0000866 secs]
2022-05-13T14:20:03.859+0800: [GC pause (G1 Evacuation Pause) (young)-- 863M->691M(1024M), 0.0112679 secs]
2022-05-13T14:20:03.873+0800: [GC pause (G1 Evacuation Pause) (mixed) 704M->624M(1024M), 0.0148044 secs]
2022-05-13T14:20:03.899+0800: [GC pause (G1 Evacuation Pause) (mixed) 684M->636M(1024M), 0.0044247 secs]
2022-05-13T14:20:03.905+0800: [GC pause (G1 Humongous Allocation) (young) (initial-mark) 640M->636M(1024M), 0.0025452 secs]
2022-05-13T14:20:03.907+0800: [GC concurrent-root-region-scan-start]
2022-05-13T14:20:03.907+0800: [GC concurrent-root-region-scan-end, 0.0002691 secs]
2022-05-13T14:20:03.908+0800: [GC concurrent-mark-start]
2022-05-13T14:20:03.911+0800: [GC concurrent-mark-end, 0.0039577 secs]
执行结束!共生成对象次数:121922022-05-13T14:20:03.912+0800: [GC remark, 0.0017092 secs]

2022-05-13T14:20:03.914+0800: [GC cleanup 660M->641M(1024M), 0.0006697 secs]
2022-05-13T14:20:03.914+0800: [GC concurrent-cleanup-start]
2022-05-13T14:20:03.914+0800: [GC concurrent-cleanup-end, 0.0000836 secs]