正在执行...
2022-05-13T13:57:00.238+0800: [GC (Allocation Failure) 2022-05-13T13:57:00.239+0800: [DefNew: 1118528K->139776K(1258304K), 0.1337812 secs] 1118528K->250294K(4054528K), 0.1343303 secs] [Times: user=0.08 sys=0.06, real=0.13 secs]
2022-05-13T13:57:00.550+0800: [GC (Allocation Failure) 2022-05-13T13:57:00.552+0800: [DefNew: 1258304K->139775K(1258304K), 0.1375045 secs] 1368822K->397779K(4054528K), 0.1386117 secs] [Times: user=0.03 sys=0.11, real=0.14 secs]
执行结束!共生成对象次数:9142
Heap
 def new generation   total 1258304K, used 385374K [0x00000006c0000000, 0x0000000715550000, 0x0000000715550000)
  eden space 1118528K,  21% used [0x00000006c0000000, 0x00000006cefd7b38, 0x0000000704450000)
  from space 139776K,  99% used [0x0000000704450000, 0x000000070cccfff8, 0x000000070ccd0000)
  to   space 139776K,   0% used [0x000000070ccd0000, 0x000000070ccd0000, 0x0000000715550000)
 tenured generation   total 2796224K, used 258003K [0x0000000715550000, 0x00000007c0000000, 0x00000007c0000000)
   the space 2796224K,   9% used [0x0000000715550000, 0x0000000725144ca8, 0x0000000725144e00, 0x00000007c0000000)
 Metaspace       used 2634K, capacity 4486K, committed 4864K, reserved 1056768K
  class space    used 291K, capacity 386K, committed 512K, reserved 1048576K