2022-05-13T13:50:17.029+0800: [GC (Allocation Failure) 2022-05-13T13:50:17.029+0800: [DefNew: 139477K->17471K(157248K), 0.0281216 secs] 139477K->42381K(506816K), 0.0286433 secs] [Times: user=0.00 sys=0.03, real=0.03 secs]
2022-05-13T13:50:17.080+0800: [GC (Allocation Failure) 2022-05-13T13:50:17.081+0800: [DefNew: 157247K->17469K(157248K), 0.0319865 secs] 182157K->92580K(506816K), 0.0328784 secs] [Times: user=0.02 sys=0.02, real=0.03 secs]
2022-05-13T13:50:17.136+0800: [GC (Allocation Failure) 2022-05-13T13:50:17.136+0800: [DefNew: 157245K->17471K(157248K), 0.0224493 secs] 232356K->135680K(506816K), 0.0229283 secs] [Times: user=0.00 sys=0.02, real=0.02 secs]
2022-05-13T13:50:17.180+0800: [GC (Allocation Failure) 2022-05-13T13:50:17.181+0800: [DefNew: 157098K->17469K(157248K), 0.0249067 secs] 275306K->181624K(506816K), 0.0254670 secs] [Times: user=0.00 sys=0.02, real=0.03 secs]
2022-05-13T13:50:17.227+0800: [GC (Allocation Failure) 2022-05-13T13:50:17.227+0800: [DefNew: 157245K->17469K(157248K), 0.0261965 secs] 321400K->223310K(506816K), 0.0267772 secs] [Times: user=0.02 sys=0.00, real=0.03 secs]
2022-05-13T13:50:17.277+0800: [GC (Allocation Failure) 2022-05-13T13:50:17.277+0800: [DefNew: 157245K->17471K(157248K), 0.0240812 secs] 363086K->268081K(506816K), 0.0247479 secs] [Times: user=0.00 sys=0.02, real=0.02 secs]
2022-05-13T13:50:17.322+0800: [GC (Allocation Failure) 2022-05-13T13:50:17.323+0800: [DefNew: 157247K->17470K(157248K), 0.0243826 secs] 407857K->313559K(506816K), 0.0250460 secs] [Times: user=0.00 sys=0.01, real=0.02 secs]
2022-05-13T13:50:17.367+0800: [GC (Allocation Failure) 2022-05-13T13:50:17.368+0800: [DefNew: 157246K->157246K(157248K), 0.0006535 secs]2022-05-13T13:50:17.368+0800: [Tenured: 296089K->261979K(349568K), 0.0426132 secs] 453335K->261979K(506816K), [Metaspace: 2628K->2628K(1056768K)], 0.0443925 secs] [Times: user=0.03 sys=0.00, real=0.04 secs]
2022-05-13T13:50:17.434+0800: [GC (Allocation Failure) 2022-05-13T13:50:17.434+0800: [DefNew: 139776K->17471K(157248K), 0.0091526 secs] 401755K->305206K(506816K), 0.0097966 secs] [Times: user=0.00 sys=0.00, real=0.01 secs]
2022-05-13T13:50:17.466+0800: [GC (Allocation Failure) 2022-05-13T13:50:17.469+0800: [DefNew: 157247K->17472K(157248K), 0.0218724 secs] 444982K->350694K(506816K), 0.0236818 secs] [Times: user=0.02 sys=0.00, real=0.02 secs]
2022-05-13T13:50:17.514+0800: [GC (Allocation Failure) 2022-05-13T13:50:17.515+0800: [DefNew: 157248K->157248K(157248K), 0.0004529 secs]2022-05-13T13:50:17.516+0800: [Tenured: 333222K->298267K(349568K), 0.0500862 secs] 490470K->298267K(506816K), [Metaspace: 2628K->2628K(1056768K)], 0.0522888 secs] [Times: user=0.05 sys=0.00, real=0.05 secs]
2022-05-13T13:50:17.590+0800: [GC (Allocation Failure) 2022-05-13T13:50:17.591+0800: [DefNew: 139776K->17468K(157248K), 0.0102817 secs] 438043K->341746K(506816K), 0.0108811 secs] [Times: user=0.00 sys=0.00, real=0.01 secs]
2022-05-13T13:50:17.623+0800: [GC (Allocation Failure) 2022-05-13T13:50:17.623+0800: [DefNew: 157244K->157244K(157248K), 0.0005549 secs]2022-05-13T13:50:17.624+0800: [Tenured: 324278K->319141K(349568K), 0.0543465 secs] 481522K->319141K(506816K), [Metaspace: 2628K->2628K(1056768K)], 0.0558856 secs] [Times: user=0.05 sys=0.00, real=0.06 secs]
2022-05-13T13:50:17.699+0800: [GC (Allocation Failure) 2022-05-13T13:50:17.699+0800: [DefNew: 139776K->139776K(157248K), 0.0005958 secs]2022-05-13T13:50:17.700+0800: [Tenured: 319141K->313600K(349568K), 0.0548726 secs] 458917K->313600K(506816K), [Metaspace: 2628K->2628K(1056768K)], 0.0564076 secs] [Times: user=0.05 sys=0.00, real=0.06 secs]
2022-05-13T13:50:17.776+0800: [GC (Allocation Failure) 2022-05-13T13:50:17.776+0800: [DefNew: 139704K->139704K(157248K), 0.0003243 secs]2022-05-13T13:50:17.776+0800: [Tenured: 313600K->344074K(349568K), 0.0389415 secs] 453304K->344074K(506816K), [Metaspace: 2628K->2628K(1056768K)], 0.0397870 secs] [Times: user=0.03 sys=0.00, real=0.04 secs]
2022-05-13T13:50:17.837+0800: [GC (Allocation Failure) 2022-05-13T13:50:17.837+0800: [DefNew: 139776K->139776K(157248K), 0.0002292 secs]2022-05-13T13:50:17.838+0800: [Tenured: 344074K->349496K(349568K), 0.0491649 secs] 483850K->354766K(506816K), [Metaspace: 2628K->2628K(1056768K)], 0.0499226 secs] [Times: user=0.05 sys=0.00, real=0.05 secs]
执行结束!共生成对象次数:8660
Heap
 def new generation   total 157248K, used 77346K [0x00000000e0000000, 0x00000000eaaa0000, 0x00000000eaaa0000)
  eden space 139776K,  55% used [0x00000000e0000000, 0x00000000e4b88b50, 0x00000000e8880000)
  from space 17472K,   0% used [0x00000000e8880000, 0x00000000e8880000, 0x00000000e9990000)
  to   space 17472K,   0% used [0x00000000e9990000, 0x00000000e9990000, 0x00000000eaaa0000)
 tenured generation   total 349568K, used 349496K [0x00000000eaaa0000, 0x0000000100000000, 0x0000000100000000)
   the space 349568K,  99% used [0x00000000eaaa0000, 0x00000000fffee138, 0x00000000fffee200, 0x0000000100000000)
 Metaspace       used 2635K, capacity 4486K, committed 4864K, reserved 1056768K
  class space    used 291K, capacity 386K, committed 512K, reserved 1048576K