正在执行...
2022-05-13T13:55:41.859+0800: [GC (Allocation Failure) 2022-05-13T13:55:41.859+0800: [DefNew: 279616K->34944K(314560K), 0.0390231 secs] 279616K->90037K(1013632K), 0.0395012 secs] [Times: user=0.00 sys=0.03, real=0.04 secs]
2022-05-13T13:55:41.943+0800: [GC (Allocation Failure) 2022-05-13T13:55:41.943+0800: [DefNew: 314544K->34944K(314560K), 0.0526610 secs] 369638K->175860K(1013632K), 0.0531658 secs] [Times: user=0.01 sys=0.05, real=0.05 secs]
2022-05-13T13:55:42.040+0800: [GC (Allocation Failure) 2022-05-13T13:55:42.041+0800: [DefNew: 314560K->34943K(314560K), 0.0378461 secs] 455476K->249719K(1013632K), 0.0387781 secs] [Times: user=0.02 sys=0.02, real=0.04 secs]
2022-05-13T13:55:42.120+0800: [GC (Allocation Failure) 2022-05-13T13:55:42.121+0800: [DefNew: 314559K->34942K(314560K), 0.0450121 secs] 529335K->325305K(1013632K), 0.0466617 secs] [Times: user=0.03 sys=0.01, real=0.05 secs]
2022-05-13T13:55:42.207+0800: [GC (Allocation Failure) 2022-05-13T13:55:42.207+0800: [DefNew: 314558K->34943K(314560K), 0.0393978 secs] 604921K->401154K(1013632K), 0.0400245 secs] [Times: user=0.02 sys=0.03, real=0.04 secs]
2022-05-13T13:55:42.286+0800: [GC (Allocation Failure) 2022-05-13T13:55:42.287+0800: [DefNew: 314559K->34943K(314560K), 0.0578385 secs] 680770K->485889K(1013632K), 0.0584987 secs] [Times: user=0.05 sys=0.02, real=0.06 secs]
2022-05-13T13:55:42.387+0800: [GC (Allocation Failure) 2022-05-13T13:55:42.388+0800: [DefNew: 314559K->34943K(314560K), 0.0426589 secs] 765505K->567481K(1013632K), 0.0437497 secs] [Times: user=0.03 sys=0.02, real=0.04 secs]
2022-05-13T13:55:42.476+0800: [GC (Allocation Failure) 2022-05-13T13:55:42.477+0800: [DefNew: 314559K->34940K(314560K), 0.0469843 secs] 847097K->650015K(1013632K), 0.0475529 secs] [Times: user=0.02 sys=0.03, real=0.05 secs]
2022-05-13T13:55:42.569+0800: [GC (Allocation Failure) 2022-05-13T13:55:42.569+0800: [DefNew: 314556K->314556K(314560K), 0.0005117 secs]2022-05-13T13:55:42.570+0800: [Tenured: 615075K->382604K(699072K), 0.0734977 secs] 929631K->382604K(1013632K), [Metaspace: 2628K->2628K(1056768K)], 0.0753271 secs] [Times: user=0.08 sys=0.00, real=0.08 secs]
2022-05-13T13:55:42.689+0800: [GC (Allocation Failure) 2022-05-13T13:55:42.690+0800: [DefNew: 279616K->34942K(314560K), 0.0152384 secs] 662220K->468352K(1013632K), 0.0168653 secs] [Times: user=0.02 sys=0.00, real=0.02 secs]
执行结束!共生成对象次数:10954
Heap
 def new generation   total 314560K, used 170037K [0x00000000c0000000, 0x00000000d5550000, 0x00000000d5550000)
  eden space 279616K,  48% used [0x00000000c0000000, 0x00000000c83eda98, 0x00000000d1110000)
  from space 34944K,  99% used [0x00000000d3330000, 0x00000000d554f9b8, 0x00000000d5550000)
  to   space 34944K,   0% used [0x00000000d1110000, 0x00000000d1110000, 0x00000000d3330000)
 tenured generation   total 699072K, used 433410K [0x00000000d5550000, 0x0000000100000000, 0x0000000100000000)
   the space 699072K,  61% used [0x00000000d5550000, 0x00000000efc90830, 0x00000000efc90a00, 0x0000000100000000)
 Metaspace       used 2635K, capacity 4486K, committed 4864K, reserved 1056768K
  class space    used 291K, capacity 386K, committed 512K, reserved 1048576K