正在执行...
2022-05-13T13:33:54.794+0800: [GC (Allocation Failure) 2022-05-13T13:33:54.794+0800: [DefNew: 69952K->8704K(78656K), 0.0211546 secs] 69952K->20239K(253440K), 0.0219325 secs] [Times: user=0.00 sys=0.00, real=0.02 secs]
2022-05-13T13:33:54.830+0800: [GC (Allocation Failure) 2022-05-13T13:33:54.831+0800: [DefNew: 78599K->8701K(78656K), 0.0130040 secs] 90134K->42914K(253440K), 0.0135345 secs] [Times: user=0.00 sys=0.02, real=0.01 secs]
2022-05-13T13:33:54.862+0800: [GC (Allocation Failure) 2022-05-13T13:33:54.863+0800: [DefNew: 78653K->8702K(78656K), 0.0142179 secs] 112866K->63020K(253440K), 0.0148152 secs] [Times: user=0.00 sys=0.02, real=0.02 secs]
2022-05-13T13:33:54.891+0800: [GC (Allocation Failure) 2022-05-13T13:33:54.891+0800: [DefNew: 78654K->8699K(78656K), 0.0171876 secs] 132972K->86572K(253440K), 0.0184736 secs] [Times: user=0.02 sys=0.00, real=0.02 secs]
2022-05-13T13:33:54.924+0800: [GC (Allocation Failure) 2022-05-13T13:33:54.927+0800: [DefNew: 78651K->8692K(78656K), 0.0170346 secs] 156524K->111372K(253440K), 0.0201575 secs] [Times: user=0.02 sys=0.00, real=0.02 secs]
2022-05-13T13:33:54.961+0800: [GC (Allocation Failure) 2022-05-13T13:33:54.961+0800: [DefNew: 78520K->8700K(78656K), 0.0162896 secs] 181200K->134469K(253440K), 0.0167827 secs] [Times: user=0.02 sys=0.00, real=0.02 secs]
2022-05-13T13:33:54.991+0800: [GC (Allocation Failure) 2022-05-13T13:33:54.992+0800: [DefNew: 78652K->8699K(78656K), 0.0143735 secs] 204421K->153881K(253440K), 0.0149718 secs] [Times: user=0.02 sys=0.00, real=0.02 secs]
2022-05-13T13:33:55.019+0800: [GC (Allocation Failure) 2022-05-13T13:33:55.022+0800: [DefNew: 78651K->8699K(78656K), 0.0195035 secs] 223833K->178719K(253440K), 0.0222896 secs] [Times: user=0.00 sys=0.03, real=0.02 secs]
2022-05-13T13:33:55.061+0800: [GC (Allocation Failure) 2022-05-13T13:33:55.061+0800: [DefNew: 78651K->78651K(78656K), 0.0001893 secs]2022-05-13T13:33:55.062+0800: [Tenured: 170019K->173309K(174784K), 0.0726998 secs] 248671K->173309K(253440K), [Metaspace: 2628K->2628K(1056768K)], 0.0740586 secs] [Times: user=0.03 sys=0.00, real=0.07 secs]
2022-05-13T13:33:55.150+0800: [GC (Allocation Failure) 2022-05-13T13:33:55.151+0800: [DefNew: 69952K->69952K(78656K), 0.0005748 secs]2022-05-13T13:33:55.151+0800: [Tenured: 173309K->174748K(174784K), 0.0428817 secs] 243261K->185903K(253440K), [Metaspace: 2628K->2628K(1056768K)], 0.0446703 secs] [Times: user=0.03 sys=0.00, real=0.04 secs]
2022-05-13T13:33:55.208+0800: [Full GC (Allocation Failure) 2022-05-13T13:33:55.210+0800: [Tenured: 174775K->174318K(174784K), 0.0421613 secs] 253426K->195648K(253440K), [Metaspace: 2628K->2628K(1056768K)], 0.0441283 secs] [Times: user=0.05 sys=0.00, real=0.04 secs]
2022-05-13T13:33:55.267+0800: [Full GC (Allocation Failure) 2022-05-13T13:33:55.268+0800: [Tenured: 174570K->174580K(174784K), 0.0438542 secs] 253221K->194346K(253440K), [Metaspace: 2628K->2628K(1056768K)], 0.0445710 secs] [Times: user=0.05 sys=0.00, real=0.05 secs]
2022-05-13T13:33:55.322+0800: [Full GC (Allocation Failure) 2022-05-13T13:33:55.323+0800: [Tenured: 174724K->174679K(174784K), 0.0132214 secs] 253355K->211953K(253440K), [Metaspace: 2628K->2628K(1056768K)], 0.0141701 secs] [Times: user=0.00 sys=0.00, real=0.01 secs]
2022-05-13T13:33:55.352+0800: [Full GC (Allocation Failure) 2022-05-13T13:33:55.352+0800: [Tenured: 174679K->174751K(174784K), 0.0352398 secs] 253312K->215597K(253440K), [Metaspace: 2628K->2628K(1056768K)], 0.0362068 secs] [Times: user=0.03 sys=0.00, real=0.04 secs]
2022-05-13T13:33:55.395+0800: [Full GC (Allocation Failure) 2022-05-13T13:33:55.395+0800: [Tenured: 174751K->174682K(174784K), 0.0345419 secs] 253220K->222462K(253440K), [Metaspace: 2628K->2628K(1056768K)], 0.0349142 secs] [Times: user=0.03 sys=0.02, real=0.04 secs]
2022-05-13T13:33:55.436+0800: [Full GC (Allocation Failure) 2022-05-13T13:33:55.437+0800: [Tenured: 174682K->174478K(174784K), 0.0517765 secs] 253266K->218714K(253440K), [Metaspace: 2628K->2628K(1056768K)], 0.0525239 secs] [Times: user=0.05 sys=0.00, real=0.05 secs]
2022-05-13T13:33:55.495+0800: [Full GC (Allocation Failure) 2022-05-13T13:33:55.495+0800: [Tenured: 174478K->174478K(174784K), 0.0147926 secs] 252800K->231276K(253440K), [Metaspace: 2628K->2628K(1056768K)], 0.0150884 secs] [Times: user=0.01 sys=0.00, real=0.02 secs]
2022-05-13T13:33:55.514+0800: [Full GC (Allocation Failure) 2022-05-13T13:33:55.523+0800: [Tenured: 174697K->174458K(174784K), 0.0277835 secs] 253347K->235652K(253440K), [Metaspace: 2628K->2628K(1056768K)], 0.0367771 secs] [Times: user=0.03 sys=0.00, real=0.04 secs]
2022-05-13T13:33:55.554+0800: [Full GC (Allocation Failure) 2022-05-13T13:33:55.554+0800: [Tenured: 174744K->174691K(174784K), 0.0224858 secs] 253394K->241620K(253440K), [Metaspace: 2628K->2628K(1056768K)], 0.0227697 secs] [Times: user=0.03 sys=0.00, real=0.02 secs]
2022-05-13T13:33:55.579+0800: [Full GC (Allocation Failure) 2022-05-13T13:33:55.579+0800: [Tenured: 174691K->174645K(174784K), 0.0576527 secs] 253044K->235953K(253440K), [Metaspace: 2628K->2628K(1056768K)], 0.0579565 secs] [Times: user=0.06 sys=0.00, real=0.06 secs]
2022-05-13T13:33:55.641+0800: [Full GC (Allocation Failure) 2022-05-13T13:33:55.641+0800: [Tenured: 174722K->174722K(174784K), 0.0190580 secs] 253354K->239057K(253440K), [Metaspace: 2628K->2628K(1056768K)], 0.0196002 secs] [Times: user=0.02 sys=0.00, real=0.02 secs]
2022-05-13T13:33:55.663+0800: [Full GC (Allocation Failure) 2022-05-13T13:33:55.670+0800: [Tenured: 174722K->174722K(174784K), 0.0149721 secs] 253194K->241593K(253440K), [Metaspace: 2628K->2628K(1056768K)], 0.0226825 secs] [Times: user=0.01 sys=0.00, real=0.02 secs]
2022-05-13T13:33:55.690+0800: [Full GC (Allocation Failure) 2022-05-13T13:33:55.691+0800: [Tenured: 174722K->174722K(174784K), 0.0124360 secs] 252921K->244770K(253440K), [Metaspace: 2628K->2628K(1056768K)], 0.0143982 secs] [Times: user=0.02 sys=0.00, real=0.01 secs]
2022-05-13T13:33:55.707+0800: [Full GC (Allocation Failure) 2022-05-13T13:33:55.712+0800: [Tenured: 174722K->174462K(174784K), 0.0517866 secs] 253226K->240113K(253440K), [Metaspace: 2628K->2628K(1056768K)], 0.0565439 secs] [Times: user=0.05 sys=0.00, real=0.06 secs]
执行结束!共生成对象次数:4214
Heap
 def new generation   total 78656K, used 67604K [0x00000000f0000000, 0x00000000f5550000, 0x00000000f5550000)
  eden space 69952K,  96% used [0x00000000f0000000, 0x00000000f4205100, 0x00000000f4450000)
  from space 8704K,   0% used [0x00000000f4450000, 0x00000000f4450000, 0x00000000f4cd0000)
  to   space 8704K,   0% used [0x00000000f4cd0000, 0x00000000f4cd0000, 0x00000000f5550000)
 tenured generation   total 174784K, used 174462K [0x00000000f5550000, 0x0000000100000000, 0x0000000100000000)
   the space 174784K,  99% used [0x00000000f5550000, 0x00000000fffafa90, 0x00000000fffafc00, 0x0000000100000000)
 Metaspace       used 2635K, capacity 4486K, committed 4864K, reserved 1056768K
  class space    used 291K, capacity 386K, committed 512K, reserved 1048576K