正在执行...
2022-05-13T14:10:47.648+0800: [GC (Allocation Failure) [PSYoungGen: 1048576K->174590K(1223168K)] 1048576K->246413K(4019712K), 0.0499253 secs] [Times: user=0.17 sys=0.28, real=0.05 secs]
2022-05-13T14:10:47.869+0800: [GC (Allocation Failure) [PSYoungGen: 1223166K->174588K(1223168K)] 1294989K->387813K(4019712K), 0.0743760 secs] [Times: user=0.16 sys=0.27, real=0.08 secs]
2022-05-13T14:10:48.135+0800: [GC (Allocation Failure) [PSYoungGen: 1223164K->174581K(1223168K)] 1436389K->508420K(4019712K), 0.0695952 secs] [Times: user=0.28 sys=0.11, real=0.07 secs]
执行结束!共生成对象次数:11808
Heap
 PSYoungGen      total 1223168K, used 216419K [0x000000076ab00000, 0x00000007c0000000, 0x00000007c0000000)
  eden space 1048576K, 3% used [0x000000076ab00000,0x000000076d3db798,0x00000007aab00000)
  from space 174592K, 99% used [0x00000007aab00000,0x00000007b557d550,0x00000007b5580000)
  to   space 174592K, 0% used [0x00000007b5580000,0x00000007b5580000,0x00000007c0000000)
 ParOldGen       total 2796544K, used 333838K [0x00000006c0000000, 0x000000076ab00000, 0x000000076ab00000)
  object space 2796544K, 11% used [0x00000006c0000000,0x00000006d4603b40,0x000000076ab00000)
 Metaspace       used 2635K, capacity 4486K, committed 4864K, reserved 1056768K
  class space    used 291K, capacity 386K, committed 512K, reserved 1048576K